../../Drivers/STM32WBAxx_HAL_Driver/Inc/stm32wbaxx_ll_pwr.h:699:22:LL_PWR_EnableUltraLowPowerMode	4	static
../../Drivers/STM32WBAxx_HAL_Driver/Inc/stm32wbaxx_ll_pwr.h:2072:26:LL_PWR_IsActiveFlag_SB	4	static
../../Drivers/STM32WBAxx_HAL_Driver/Inc/stm32wbaxx_ll_cortex.h:317:22:LL_LPM_EnableSleep	4	static
C:/Work/Projects/ST Workspace/LR_BLE_Leak Sensor/BLE_HR_P2PServer/System/Interfaces/stm32_lpm_if.c:727:23:PWR_EnterSleepMode	8	static,ignoring_inline_asm
C:/Work/Projects/ST Workspace/LR_BLE_Leak Sensor/BLE_HR_P2PServer/System/Interfaces/stm32_lpm_if.c:746:23:PWR_ExitSleepMode	0	static
C:/Work/Projects/ST Workspace/LR_BLE_Leak Sensor/BLE_HR_P2PServer/System/Interfaces/stm32_lpm_if.c:759:10:is_boot_from_standby	16	static,ignoring_inline_asm
C:/Work/Projects/ST Workspace/LR_BLE_Leak Sensor/BLE_HR_P2PServer/System/Interfaces/stm32_lpm_if.c:856:6:LPM_IdleMode	16	static
C:/Work/Projects/ST Workspace/LR_BLE_Leak Sensor/BLE_HR_P2PServer/System/Interfaces/stm32_lpm_if.c:863:6:LPM_SleepMode	16	static
