../../Drivers/CMSIS/Include/core_cm33.h:2390:22:__NVIC_EnableIRQ	16	static,ignoring_inline_asm
../../Drivers/CMSIS/Include/core_cm33.h:2587:22:__NVIC_SetPriority	16	static
../../Drivers/CMSIS/Include/core_cm33.h:2609:26:__NVIC_GetPriority	16	static
../../Drivers/STM32WBAxx_HAL_Driver/Inc/stm32wbaxx_ll_rcc.h:1228:26:LL_RCC_LSE_IsReady	4	static
../../Drivers/STM32WBAxx_HAL_Driver/Inc/stm32wbaxx_ll_rcc.h:1350:22:LL_RCC_LSI2_Enable	4	static
../../Drivers/STM32WBAxx_HAL_Driver/Inc/stm32wbaxx_ll_rcc.h:1360:22:LL_RCC_LSI2_Disable	4	static
../../Drivers/STM32WBAxx_HAL_Driver/Inc/stm32wbaxx_ll_rcc.h:1370:26:LL_RCC_LSI2_IsReady	4	static
../../Drivers/STM32WBAxx_HAL_Driver/Inc/stm32wbaxx_ll_rcc.h:1546:22:LL_RCC_SetSystickClockSource	16	static
../../Drivers/STM32WBAxx_HAL_Driver/Inc/stm32wbaxx_ll_rcc.h:1654:26:LL_RCC_GetSystickClockSource	4	static
../../Drivers/STM32WBAxx_HAL_Driver/Inc/stm32wbaxx_ll_pwr.h:501:22:LL_PWR_SetPowerMode	16	static
../../Drivers/STM32WBAxx_HAL_Driver/Inc/stm32wbaxx_ll_pwr.h:699:22:LL_PWR_EnableUltraLowPowerMode	4	static
../../Drivers/STM32WBAxx_HAL_Driver/Inc/stm32wbaxx_ll_pwr.h:1619:22:LL_PWR_EnableBkUpAccess	4	static
../../Drivers/STM32WBAxx_HAL_Driver/Inc/stm32wbaxx_ll_pwr.h:1639:26:LL_PWR_IsEnabledBkUpAccess	4	static
../../Drivers/STM32WBAxx_HAL_Driver/Inc/stm32wbaxx_ll_pwr.h:2072:26:LL_PWR_IsActiveFlag_SB	4	static
../../Drivers/STM32WBAxx_HAL_Driver/Inc/stm32wbaxx_ll_pwr.h:2082:26:LL_PWR_IsActiveFlag_STOP	4	static
../../Drivers/STM32WBAxx_HAL_Driver/Inc/stm32wbaxx_ll_pwr.h:2127:26:LL_PWR_IsActiveFlag_ACTVOS	4	static
../../Drivers/STM32WBAxx_HAL_Driver/Inc/stm32wbaxx_ll_cortex.h:317:22:LL_LPM_EnableSleep	4	static
../../Drivers/STM32WBAxx_HAL_Driver/Inc/stm32wbaxx_ll_cortex.h:328:22:LL_LPM_EnableDeepSleep	4	static
../../Drivers/STM32WBAxx_HAL_Driver/Inc/stm32wbaxx_ll_gpio.h:783:26:LL_GPIO_ReadInputPort	16	static
../../Drivers/STM32WBAxx_HAL_Driver/Inc/stm32wbaxx_ll_gpio.h:824:22:LL_GPIO_WriteOutputPort	16	static
../../Drivers/STM32WBAxx_HAL_Driver/Inc/stm32wbaxx_ll_icache.h:219:22:LL_ICACHE_Enable	4	static
../../Drivers/STM32WBAxx_HAL_Driver/Inc/stm32wbaxx_ll_icache.h:229:22:LL_ICACHE_Disable	4	static
../../Drivers/STM32WBAxx_HAL_Driver/Inc/stm32wbaxx_ll_icache.h:239:26:LL_ICACHE_IsEnabled	4	static
C:/Work/Projects/ST Workspace/LR_BLE_Leak Sensor/BLE_HR_P2PServer/System/Interfaces/stm32_lpm_if.c:192:23:Standby_Restore_GPIO	32	static,ignoring_inline_asm
C:/Work/Projects/ST Workspace/LR_BLE_Leak Sensor/BLE_HR_P2PServer/System/Interfaces/stm32_lpm_if.c:347:23:Enter_Stop_Standby_Mode	8	static
C:/Work/Projects/ST Workspace/LR_BLE_Leak Sensor/BLE_HR_P2PServer/System/Interfaces/stm32_lpm_if.c:374:23:Exit_Stop_Standby_Mode	8	static
C:/Work/Projects/ST Workspace/LR_BLE_Leak Sensor/BLE_HR_P2PServer/System/Interfaces/stm32_lpm_if.c:412:23:PWR_EnterOffMode	24	static,ignoring_inline_asm
C:/Work/Projects/ST Workspace/LR_BLE_Leak Sensor/BLE_HR_P2PServer/System/Interfaces/stm32_lpm_if.c:500:23:PWR_ExitOffMode	32	static
C:/Work/Projects/ST Workspace/LR_BLE_Leak Sensor/BLE_HR_P2PServer/System/Interfaces/stm32_lpm_if.c:669:23:PWR_EnterStopMode	8	static,ignoring_inline_asm
C:/Work/Projects/ST Workspace/LR_BLE_Leak Sensor/BLE_HR_P2PServer/System/Interfaces/stm32_lpm_if.c:703:23:PWR_ExitStopMode	8	static
C:/Work/Projects/ST Workspace/LR_BLE_Leak Sensor/BLE_HR_P2PServer/System/Interfaces/stm32_lpm_if.c:727:23:PWR_EnterSleepMode	8	static,ignoring_inline_asm
C:/Work/Projects/ST Workspace/LR_BLE_Leak Sensor/BLE_HR_P2PServer/System/Interfaces/stm32_lpm_if.c:746:23:PWR_ExitSleepMode	0	static
C:/Work/Projects/ST Workspace/LR_BLE_Leak Sensor/BLE_HR_P2PServer/System/Interfaces/stm32_lpm_if.c:759:10:is_boot_from_standby	24	static,ignoring_inline_asm
C:/Work/Projects/ST Workspace/LR_BLE_Leak Sensor/BLE_HR_P2PServer/System/Interfaces/stm32_lpm_if.c:849:10:LPM_is_wakeup_time_profiling_done	4	static
C:/Work/Projects/ST Workspace/LR_BLE_Leak Sensor/BLE_HR_P2PServer/System/Interfaces/stm32_lpm_if.c:856:6:LPM_IdleMode	16	static
C:/Work/Projects/ST Workspace/LR_BLE_Leak Sensor/BLE_HR_P2PServer/System/Interfaces/stm32_lpm_if.c:863:6:LPM_SleepMode	16	static
C:/Work/Projects/ST Workspace/LR_BLE_Leak Sensor/BLE_HR_P2PServer/System/Interfaces/stm32_lpm_if.c:870:6:LPM_Stop1Mode	16	static
C:/Work/Projects/ST Workspace/LR_BLE_Leak Sensor/BLE_HR_P2PServer/System/Interfaces/stm32_lpm_if.c:878:6:LPM_StandbyMode	16	static
