../../Drivers/STM32WBAxx_HAL_Driver/Inc/stm32wbaxx_ll_pwr.h:699:22:LL_PWR_EnableUltraLowPowerMode	4	static
../../Drivers/STM32WBAxx_HAL_Driver/Inc/stm32wbaxx_ll_pwr.h:2072:26:LL_PWR_IsActiveFlag_SB	4	static
../../Drivers/STM32WBAxx_HAL_Driver/Inc/stm32wbaxx_ll_cortex.h:317:22:LL_LPM_EnableSleep	4	static
C:/Work/Projects/ST Workspace/LR_BLE_Leak Sensor/BLE_HR_P2PServer/System/Interfaces/stm32_lpm_if.c:475:16:PWR_EnterOffMode	0	static
C:/Work/Projects/ST Workspace/LR_BLE_Leak Sensor/BLE_HR_P2PServer/System/Interfaces/stm32_lpm_if.c:650:16:PWR_ExitOffMode	0	static
C:/Work/Projects/ST Workspace/LR_BLE_Leak Sensor/BLE_HR_P2PServer/System/Interfaces/stm32_lpm_if.c:688:16:PWR_EnterStopMode	0	static
C:/Work/Projects/ST Workspace/LR_BLE_Leak Sensor/BLE_HR_P2PServer/System/Interfaces/stm32_lpm_if.c:717:16:PWR_ExitStopMode	0	static
C:/Work/Projects/ST Workspace/LR_BLE_Leak Sensor/BLE_HR_P2PServer/System/Interfaces/stm32_lpm_if.c:722:16:PWR_EnterSleepMode	8	static,ignoring_inline_asm
C:/Work/Projects/ST Workspace/LR_BLE_Leak Sensor/BLE_HR_P2PServer/System/Interfaces/stm32_lpm_if.c:744:16:PWR_ExitSleepMode	0	static
C:/Work/Projects/ST Workspace/LR_BLE_Leak Sensor/BLE_HR_P2PServer/System/Interfaces/stm32_lpm_if.c:760:6:PWR_EnableSleepMode	24	static,ignoring_inline_asm
C:/Work/Projects/ST Workspace/LR_BLE_Leak Sensor/BLE_HR_P2PServer/System/Interfaces/stm32_lpm_if.c:770:6:PWR_DisableSleepMode	24	static,ignoring_inline_asm
C:/Work/Projects/ST Workspace/LR_BLE_Leak Sensor/BLE_HR_P2PServer/System/Interfaces/stm32_lpm_if.c:777:10:is_boot_from_standby	16	static,ignoring_inline_asm
