../../Middlewares/ST/STM32_WPAN/ble/stack/include/auto/ble_wrap.c:3084:12:hci_disconnect	24	static,ignoring_inline_asm
../../Middlewares/ST/STM32_WPAN/ble/stack/include/auto/ble_wrap.c:3095:12:hci_read_remote_version_information	24	static,ignoring_inline_asm
../../Middlewares/ST/STM32_WPAN/ble/stack/include/auto/ble_wrap.c:3104:12:hci_set_event_mask	24	static,ignoring_inline_asm
../../Middlewares/ST/STM32_WPAN/ble/stack/include/auto/ble_wrap.c:3113:12:hci_reset	16	static,ignoring_inline_asm
../../Middlewares/ST/STM32_WPAN/ble/stack/include/auto/ble_wrap.c:3122:12:hci_read_connection_accept_timeout	24	static,ignoring_inline_asm
../../Middlewares/ST/STM32_WPAN/ble/stack/include/auto/ble_wrap.c:3131:12:hci_write_connection_accept_timeout	24	static,ignoring_inline_asm
../../Middlewares/ST/STM32_WPAN/ble/stack/include/auto/ble_wrap.c:3140:12:hci_read_transmit_power_level	24	static,ignoring_inline_asm
../../Middlewares/ST/STM32_WPAN/ble/stack/include/auto/ble_wrap.c:3153:12:hci_set_controller_to_host_flow_control	24	static,ignoring_inline_asm
../../Middlewares/ST/STM32_WPAN/ble/stack/include/auto/ble_wrap.c:3162:12:hci_host_buffer_size	32	static,ignoring_inline_asm
../../Middlewares/ST/STM32_WPAN/ble/stack/include/auto/ble_wrap.c:3177:12:hci_host_number_of_completed_packets	24	static,ignoring_inline_asm
../../Middlewares/ST/STM32_WPAN/ble/stack/include/auto/ble_wrap.c:3188:12:hci_read_afh_channel_assessment_mode	24	static,ignoring_inline_asm
../../Middlewares/ST/STM32_WPAN/ble/stack/include/auto/ble_wrap.c:3197:12:hci_write_afh_channel_assessment_mode	24	static,ignoring_inline_asm
../../Middlewares/ST/STM32_WPAN/ble/stack/include/auto/ble_wrap.c:3206:12:hci_set_event_mask_page_2	24	static,ignoring_inline_asm
../../Middlewares/ST/STM32_WPAN/ble/stack/include/auto/ble_wrap.c:3215:12:hci_read_authenticated_payload_timeout	24	static,ignoring_inline_asm
../../Middlewares/ST/STM32_WPAN/ble/stack/include/auto/ble_wrap.c:3226:12:hci_write_authenticated_payload_timeout	24	static,ignoring_inline_asm
../../Middlewares/ST/STM32_WPAN/ble/stack/include/auto/ble_wrap.c:3237:12:hci_set_ecosystem_base_interval	24	static,ignoring_inline_asm
../../Middlewares/ST/STM32_WPAN/ble/stack/include/auto/ble_wrap.c:3246:12:hci_configure_data_path	24	static,ignoring_inline_asm
../../Middlewares/ST/STM32_WPAN/ble/stack/include/auto/ble_wrap.c:3261:12:hci_read_local_version_information	40	static,ignoring_inline_asm
../../Middlewares/ST/STM32_WPAN/ble/stack/include/auto/ble_wrap.c:3278:12:hci_read_local_supported_commands	24	static,ignoring_inline_asm
../../Middlewares/ST/STM32_WPAN/ble/stack/include/auto/ble_wrap.c:3287:12:hci_read_local_supported_features	24	static,ignoring_inline_asm
../../Middlewares/ST/STM32_WPAN/ble/stack/include/auto/ble_wrap.c:3296:12:hci_read_bd_addr	24	static,ignoring_inline_asm
../../Middlewares/ST/STM32_WPAN/ble/stack/include/auto/ble_wrap.c:3305:12:hci_read_local_supported_codecs_v2	32	static,ignoring_inline_asm
../../Middlewares/ST/STM32_WPAN/ble/stack/include/auto/ble_wrap.c:3320:12:hci_read_local_supported_codec_capabilities	40	static,ignoring_inline_asm
../../Middlewares/ST/STM32_WPAN/ble/stack/include/auto/ble_wrap.c:3337:12:hci_read_local_supported_controller_delay	40	static,ignoring_inline_asm
../../Middlewares/ST/STM32_WPAN/ble/stack/include/auto/ble_wrap.c:3358:12:hci_read_rssi	24	static,ignoring_inline_asm
../../Middlewares/ST/STM32_WPAN/ble/stack/include/auto/ble_wrap.c:3369:12:hci_le_set_event_mask	24	static,ignoring_inline_asm
../../Middlewares/ST/STM32_WPAN/ble/stack/include/auto/ble_wrap.c:3378:12:hci_le_read_buffer_size	24	static,ignoring_inline_asm
../../Middlewares/ST/STM32_WPAN/ble/stack/include/auto/ble_wrap.c:3389:12:hci_le_read_local_supported_features_page_0	24	static,ignoring_inline_asm
../../Middlewares/ST/STM32_WPAN/ble/stack/include/auto/ble_wrap.c:3398:12:hci_le_set_random_address	24	static,ignoring_inline_asm
../../Middlewares/ST/STM32_WPAN/ble/stack/include/auto/ble_wrap.c:3407:12:hci_le_set_advertising_parameters	48	static,ignoring_inline_asm
../../Middlewares/ST/STM32_WPAN/ble/stack/include/auto/ble_wrap.c:3430:12:hci_le_read_advertising_physical_channel_tx_power	24	static,ignoring_inline_asm
../../Middlewares/ST/STM32_WPAN/ble/stack/include/auto/ble_wrap.c:3439:12:hci_le_set_advertising_data	24	static,ignoring_inline_asm
../../Middlewares/ST/STM32_WPAN/ble/stack/include/auto/ble_wrap.c:3450:12:hci_le_set_scan_response_data	24	static,ignoring_inline_asm
../../Middlewares/ST/STM32_WPAN/ble/stack/include/auto/ble_wrap.c:3461:12:hci_le_set_advertising_enable	24	static,ignoring_inline_asm
../../Middlewares/ST/STM32_WPAN/ble/stack/include/auto/ble_wrap.c:3470:12:hci_le_set_scan_parameters	40	static,ignoring_inline_asm
../../Middlewares/ST/STM32_WPAN/ble/stack/include/auto/ble_wrap.c:3487:12:hci_le_set_scan_enable	24	static,ignoring_inline_asm
../../Middlewares/ST/STM32_WPAN/ble/stack/include/auto/ble_wrap.c:3498:12:hci_le_create_connection	64	static,ignoring_inline_asm
../../Middlewares/ST/STM32_WPAN/ble/stack/include/auto/ble_wrap.c:3529:12:hci_le_create_connection_cancel	16	static,ignoring_inline_asm
../../Middlewares/ST/STM32_WPAN/ble/stack/include/auto/ble_wrap.c:3538:12:hci_le_read_filter_accept_list_size	24	static,ignoring_inline_asm
../../Middlewares/ST/STM32_WPAN/ble/stack/include/auto/ble_wrap.c:3547:12:hci_le_clear_filter_accept_list	16	static,ignoring_inline_asm
../../Middlewares/ST/STM32_WPAN/ble/stack/include/auto/ble_wrap.c:3556:12:hci_le_add_device_to_filter_accept_list	24	static,ignoring_inline_asm
../../Middlewares/ST/STM32_WPAN/ble/stack/include/auto/ble_wrap.c:3567:12:hci_le_remove_device_from_filter_accept_list	24	static,ignoring_inline_asm
../../Middlewares/ST/STM32_WPAN/ble/stack/include/auto/ble_wrap.c:3578:12:hci_le_connection_update	48	static,ignoring_inline_asm
../../Middlewares/ST/STM32_WPAN/ble/stack/include/auto/ble_wrap.c:3599:12:hci_le_set_host_channel_classification	24	static,ignoring_inline_asm
../../Middlewares/ST/STM32_WPAN/ble/stack/include/auto/ble_wrap.c:3608:12:hci_le_read_channel_map	24	static,ignoring_inline_asm
../../Middlewares/ST/STM32_WPAN/ble/stack/include/auto/ble_wrap.c:3619:12:hci_le_read_remote_features_page_0	24	static,ignoring_inline_asm
../../Middlewares/ST/STM32_WPAN/ble/stack/include/auto/ble_wrap.c:3628:12:hci_le_encrypt	32	static,ignoring_inline_asm
../../Middlewares/ST/STM32_WPAN/ble/stack/include/auto/ble_wrap.c:3641:12:hci_le_rand	24	static,ignoring_inline_asm
../../Middlewares/ST/STM32_WPAN/ble/stack/include/auto/ble_wrap.c:3650:12:hci_le_enable_encryption	32	static,ignoring_inline_asm
../../Middlewares/ST/STM32_WPAN/ble/stack/include/auto/ble_wrap.c:3665:12:hci_le_long_term_key_request_reply	24	static,ignoring_inline_asm
../../Middlewares/ST/STM32_WPAN/ble/stack/include/auto/ble_wrap.c:3676:12:hci_le_long_term_key_request_negative_reply	24	static,ignoring_inline_asm
../../Middlewares/ST/STM32_WPAN/ble/stack/include/auto/ble_wrap.c:3685:12:hci_le_read_supported_states	24	static,ignoring_inline_asm
../../Middlewares/ST/STM32_WPAN/ble/stack/include/auto/ble_wrap.c:3694:12:hci_le_receiver_test	24	static,ignoring_inline_asm
../../Middlewares/ST/STM32_WPAN/ble/stack/include/auto/ble_wrap.c:3703:12:hci_le_transmitter_test	24	static,ignoring_inline_asm
../../Middlewares/ST/STM32_WPAN/ble/stack/include/auto/ble_wrap.c:3716:12:hci_le_test_end	24	static,ignoring_inline_asm
../../Middlewares/ST/STM32_WPAN/ble/stack/include/auto/ble_wrap.c:3725:12:hci_le_remote_connection_parameter_request_reply	48	static,ignoring_inline_asm
../../Middlewares/ST/STM32_WPAN/ble/stack/include/auto/ble_wrap.c:3746:12:hci_le_remote_connection_parameter_request_negative_reply	24	static,ignoring_inline_asm
../../Middlewares/ST/STM32_WPAN/ble/stack/include/auto/ble_wrap.c:3757:12:hci_le_set_data_length	24	static,ignoring_inline_asm
../../Middlewares/ST/STM32_WPAN/ble/stack/include/auto/ble_wrap.c:3770:12:hci_le_read_suggested_default_data_length	24	static,ignoring_inline_asm
../../Middlewares/ST/STM32_WPAN/ble/stack/include/auto/ble_wrap.c:3781:12:hci_le_write_suggested_default_data_length	24	static,ignoring_inline_asm
../../Middlewares/ST/STM32_WPAN/ble/stack/include/auto/ble_wrap.c:3792:12:hci_le_read_local_p256_public_key	16	static,ignoring_inline_asm
../../Middlewares/ST/STM32_WPAN/ble/stack/include/auto/ble_wrap.c:3801:12:hci_le_generate_dhkey	24	static,ignoring_inline_asm
../../Middlewares/ST/STM32_WPAN/ble/stack/include/auto/ble_wrap.c:3810:12:hci_le_add_device_to_resolving_list	32	static,ignoring_inline_asm
../../Middlewares/ST/STM32_WPAN/ble/stack/include/auto/ble_wrap.c:3825:12:hci_le_remove_device_from_resolving_list	24	static,ignoring_inline_asm
../../Middlewares/ST/STM32_WPAN/ble/stack/include/auto/ble_wrap.c:3836:12:hci_le_clear_resolving_list	16	static,ignoring_inline_asm
../../Middlewares/ST/STM32_WPAN/ble/stack/include/auto/ble_wrap.c:3845:12:hci_le_read_resolving_list_size	24	static,ignoring_inline_asm
../../Middlewares/ST/STM32_WPAN/ble/stack/include/auto/ble_wrap.c:3854:12:hci_le_read_peer_resolvable_address	32	static,ignoring_inline_asm
../../Middlewares/ST/STM32_WPAN/ble/stack/include/auto/ble_wrap.c:3867:12:hci_le_read_local_resolvable_address	32	static,ignoring_inline_asm
../../Middlewares/ST/STM32_WPAN/ble/stack/include/auto/ble_wrap.c:3880:12:hci_le_set_address_resolution_enable	24	static,ignoring_inline_asm
../../Middlewares/ST/STM32_WPAN/ble/stack/include/auto/ble_wrap.c:3889:12:hci_le_set_resolvable_private_address_timeout	24	static,ignoring_inline_asm
../../Middlewares/ST/STM32_WPAN/ble/stack/include/auto/ble_wrap.c:3898:12:hci_le_read_maximum_data_length	32	static,ignoring_inline_asm
../../Middlewares/ST/STM32_WPAN/ble/stack/include/auto/ble_wrap.c:3913:12:hci_le_read_phy	32	static,ignoring_inline_asm
../../Middlewares/ST/STM32_WPAN/ble/stack/include/auto/ble_wrap.c:3926:12:hci_le_set_default_phy	24	static,ignoring_inline_asm
../../Middlewares/ST/STM32_WPAN/ble/stack/include/auto/ble_wrap.c:3939:12:hci_le_set_phy	40	static,ignoring_inline_asm
../../Middlewares/ST/STM32_WPAN/ble/stack/include/auto/ble_wrap.c:3956:12:hci_le_receiver_test_v2	24	static,ignoring_inline_asm
../../Middlewares/ST/STM32_WPAN/ble/stack/include/auto/ble_wrap.c:3969:12:hci_le_transmitter_test_v2	32	static,ignoring_inline_asm
../../Middlewares/ST/STM32_WPAN/ble/stack/include/auto/ble_wrap.c:3984:12:hci_le_set_advertising_set_random_address	24	static,ignoring_inline_asm
../../Middlewares/ST/STM32_WPAN/ble/stack/include/auto/ble_wrap.c:3995:12:hci_le_set_extended_advertising_parameters	80	static,ignoring_inline_asm
../../Middlewares/ST/STM32_WPAN/ble/stack/include/auto/ble_wrap.c:4034:12:hci_le_set_extended_advertising_data	40	static,ignoring_inline_asm
../../Middlewares/ST/STM32_WPAN/ble/stack/include/auto/ble_wrap.c:4051:12:hci_le_set_extended_scan_response_data	40	static,ignoring_inline_asm
../../Middlewares/ST/STM32_WPAN/ble/stack/include/auto/ble_wrap.c:4068:12:hci_le_set_extended_advertising_enable	24	static,ignoring_inline_asm
../../Middlewares/ST/STM32_WPAN/ble/stack/include/auto/ble_wrap.c:4081:12:hci_le_read_maximum_advertising_data_length	24	static,ignoring_inline_asm
../../Middlewares/ST/STM32_WPAN/ble/stack/include/auto/ble_wrap.c:4090:12:hci_le_read_number_of_supported_advertising_sets	24	static,ignoring_inline_asm
../../Middlewares/ST/STM32_WPAN/ble/stack/include/auto/ble_wrap.c:4099:12:hci_le_remove_advertising_set	24	static,ignoring_inline_asm
../../Middlewares/ST/STM32_WPAN/ble/stack/include/auto/ble_wrap.c:4108:12:hci_le_clear_advertising_sets	16	static,ignoring_inline_asm
../../Middlewares/ST/STM32_WPAN/ble/stack/include/auto/ble_wrap.c:4117:12:hci_le_set_periodic_advertising_parameters	32	static,ignoring_inline_asm
../../Middlewares/ST/STM32_WPAN/ble/stack/include/auto/ble_wrap.c:4132:12:hci_le_set_periodic_advertising_data	24	static,ignoring_inline_asm
../../Middlewares/ST/STM32_WPAN/ble/stack/include/auto/ble_wrap.c:4147:12:hci_le_set_periodic_advertising_enable	24	static,ignoring_inline_asm
../../Middlewares/ST/STM32_WPAN/ble/stack/include/auto/ble_wrap.c:4158:12:hci_le_set_extended_scan_parameters	24	static,ignoring_inline_asm
../../Middlewares/ST/STM32_WPAN/ble/stack/include/auto/ble_wrap.c:4173:12:hci_le_set_extended_scan_enable	32	static,ignoring_inline_asm
../../Middlewares/ST/STM32_WPAN/ble/stack/include/auto/ble_wrap.c:4188:12:hci_le_extended_create_connection	32	static,ignoring_inline_asm
../../Middlewares/ST/STM32_WPAN/ble/stack/include/auto/ble_wrap.c:4207:12:hci_le_periodic_advertising_create_sync	40	static,ignoring_inline_asm
../../Middlewares/ST/STM32_WPAN/ble/stack/include/auto/ble_wrap.c:4228:12:hci_le_periodic_advertising_create_sync_cancel	16	static,ignoring_inline_asm
../../Middlewares/ST/STM32_WPAN/ble/stack/include/auto/ble_wrap.c:4237:12:hci_le_periodic_advertising_terminate_sync	24	static,ignoring_inline_asm
../../Middlewares/ST/STM32_WPAN/ble/stack/include/auto/ble_wrap.c:4246:12:hci_le_add_device_to_periodic_advertiser_list	24	static,ignoring_inline_asm
../../Middlewares/ST/STM32_WPAN/ble/stack/include/auto/ble_wrap.c:4259:12:hci_le_remove_device_from_periodic_advertiser_list	24	static,ignoring_inline_asm
../../Middlewares/ST/STM32_WPAN/ble/stack/include/auto/ble_wrap.c:4272:12:hci_le_clear_periodic_advertiser_list	16	static,ignoring_inline_asm
../../Middlewares/ST/STM32_WPAN/ble/stack/include/auto/ble_wrap.c:4281:12:hci_le_read_periodic_advertiser_list_size	24	static,ignoring_inline_asm
../../Middlewares/ST/STM32_WPAN/ble/stack/include/auto/ble_wrap.c:4290:12:hci_le_read_transmit_power	24	static,ignoring_inline_asm
../../Middlewares/ST/STM32_WPAN/ble/stack/include/auto/ble_wrap.c:4301:12:hci_le_read_rf_path_compensation	24	static,ignoring_inline_asm
../../Middlewares/ST/STM32_WPAN/ble/stack/include/auto/ble_wrap.c:4312:12:hci_le_write_rf_path_compensation	24	static,ignoring_inline_asm
../../Middlewares/ST/STM32_WPAN/ble/stack/include/auto/ble_wrap.c:4323:12:hci_le_set_privacy_mode	24	static,ignoring_inline_asm
../../Middlewares/ST/STM32_WPAN/ble/stack/include/auto/ble_wrap.c:4336:12:hci_le_receiver_test_v3	48	static,ignoring_inline_asm
../../Middlewares/ST/STM32_WPAN/ble/stack/include/auto/ble_wrap.c:4359:12:hci_le_transmitter_test_v3	48	static,ignoring_inline_asm
../../Middlewares/ST/STM32_WPAN/ble/stack/include/auto/ble_wrap.c:4382:12:hci_le_set_connectionless_cte_transmit_parameters	40	static,ignoring_inline_asm
../../Middlewares/ST/STM32_WPAN/ble/stack/include/auto/ble_wrap.c:4401:12:hci_le_set_connectionless_cte_transmit_enable	24	static,ignoring_inline_asm
../../Middlewares/ST/STM32_WPAN/ble/stack/include/auto/ble_wrap.c:4412:12:hci_le_set_connectionless_iq_sampling_enable	40	static,ignoring_inline_asm
../../Middlewares/ST/STM32_WPAN/ble/stack/include/auto/ble_wrap.c:4431:12:hci_le_set_connection_cte_receive_parameters	40	static,ignoring_inline_asm
../../Middlewares/ST/STM32_WPAN/ble/stack/include/auto/ble_wrap.c:4448:12:hci_le_set_connection_cte_transmit_parameters	24	static,ignoring_inline_asm
../../Middlewares/ST/STM32_WPAN/ble/stack/include/auto/ble_wrap.c:4463:12:hci_le_connection_cte_request_enable	40	static,ignoring_inline_asm
../../Middlewares/ST/STM32_WPAN/ble/stack/include/auto/ble_wrap.c:4480:12:hci_le_connection_cte_response_enable	24	static,ignoring_inline_asm
../../Middlewares/ST/STM32_WPAN/ble/stack/include/auto/ble_wrap.c:4491:12:hci_le_read_antenna_information	32	static,ignoring_inline_asm
../../Middlewares/ST/STM32_WPAN/ble/stack/include/auto/ble_wrap.c:4506:12:hci_le_set_periodic_advertising_receive_enable	24	static,ignoring_inline_asm
../../Middlewares/ST/STM32_WPAN/ble/stack/include/auto/ble_wrap.c:4517:12:hci_le_periodic_advertising_sync_transfer	24	static,ignoring_inline_asm
../../Middlewares/ST/STM32_WPAN/ble/stack/include/auto/ble_wrap.c:4530:12:hci_le_periodic_advertising_set_info_transfer	24	static,ignoring_inline_asm
../../Middlewares/ST/STM32_WPAN/ble/stack/include/auto/ble_wrap.c:4543:12:hci_le_set_periodic_advertising_sync_transfer_parameters	40	static,ignoring_inline_asm
../../Middlewares/ST/STM32_WPAN/ble/stack/include/auto/ble_wrap.c:4560:12:hci_le_set_default_periodic_advertising_sync_transfer_parameters	32	static,ignoring_inline_asm
../../Middlewares/ST/STM32_WPAN/ble/stack/include/auto/ble_wrap.c:4575:12:hci_le_generate_dhkey_v2	24	static,ignoring_inline_asm
../../Middlewares/ST/STM32_WPAN/ble/stack/include/auto/ble_wrap.c:4586:12:hci_le_read_buffer_size_v2	32	static,ignoring_inline_asm
../../Middlewares/ST/STM32_WPAN/ble/stack/include/auto/ble_wrap.c:4601:12:hci_le_read_iso_tx_sync	32	static,ignoring_inline_asm
../../Middlewares/ST/STM32_WPAN/ble/stack/include/auto/ble_wrap.c:4616:12:hci_le_set_cig_parameters	64	static,ignoring_inline_asm
../../Middlewares/ST/STM32_WPAN/ble/stack/include/auto/ble_wrap.c:4647:12:hci_le_set_cig_parameters_test	72	static,ignoring_inline_asm
../../Middlewares/ST/STM32_WPAN/ble/stack/include/auto/ble_wrap.c:4680:12:hci_le_create_cis	24	static,ignoring_inline_asm
../../Middlewares/ST/STM32_WPAN/ble/stack/include/auto/ble_wrap.c:4691:12:hci_le_remove_cig	24	static,ignoring_inline_asm
../../Middlewares/ST/STM32_WPAN/ble/stack/include/auto/ble_wrap.c:4700:12:hci_le_accept_cis_request	24	static,ignoring_inline_asm
../../Middlewares/ST/STM32_WPAN/ble/stack/include/auto/ble_wrap.c:4709:12:hci_le_reject_cis_request	24	static,ignoring_inline_asm
../../Middlewares/ST/STM32_WPAN/ble/stack/include/auto/ble_wrap.c:4720:12:hci_le_create_big	56	static,ignoring_inline_asm
../../Middlewares/ST/STM32_WPAN/ble/stack/include/auto/ble_wrap.c:4751:12:hci_le_create_big_test	72	static,ignoring_inline_asm
../../Middlewares/ST/STM32_WPAN/ble/stack/include/auto/ble_wrap.c:4790:12:hci_le_terminate_big	24	static,ignoring_inline_asm
../../Middlewares/ST/STM32_WPAN/ble/stack/include/auto/ble_wrap.c:4801:12:hci_le_big_create_sync	40	static,ignoring_inline_asm
../../Middlewares/ST/STM32_WPAN/ble/stack/include/auto/ble_wrap.c:4824:12:hci_le_big_terminate_sync	24	static,ignoring_inline_asm
../../Middlewares/ST/STM32_WPAN/ble/stack/include/auto/ble_wrap.c:4833:12:hci_le_request_peer_sca	24	static,ignoring_inline_asm
../../Middlewares/ST/STM32_WPAN/ble/stack/include/auto/ble_wrap.c:4842:12:hci_le_setup_iso_data_path	40	static,ignoring_inline_asm
../../Middlewares/ST/STM32_WPAN/ble/stack/include/auto/ble_wrap.c:4863:12:hci_le_remove_iso_data_path	24	static,ignoring_inline_asm
../../Middlewares/ST/STM32_WPAN/ble/stack/include/auto/ble_wrap.c:4874:12:hci_le_iso_transmit_test	24	static,ignoring_inline_asm
../../Middlewares/ST/STM32_WPAN/ble/stack/include/auto/ble_wrap.c:4885:12:hci_le_iso_receive_test	24	static,ignoring_inline_asm
../../Middlewares/ST/STM32_WPAN/ble/stack/include/auto/ble_wrap.c:4896:12:hci_le_iso_read_test_counters	32	static,ignoring_inline_asm
../../Middlewares/ST/STM32_WPAN/ble/stack/include/auto/ble_wrap.c:4911:12:hci_le_iso_test_end	32	static,ignoring_inline_asm
../../Middlewares/ST/STM32_WPAN/ble/stack/include/auto/ble_wrap.c:4926:12:hci_le_set_host_feature	24	static,ignoring_inline_asm
../../Middlewares/ST/STM32_WPAN/ble/stack/include/auto/ble_wrap.c:4937:12:hci_le_read_iso_link_quality	48	static,ignoring_inline_asm
../../Middlewares/ST/STM32_WPAN/ble/stack/include/auto/ble_wrap.c:4960:12:hci_le_enhanced_read_transmit_power_level	32	static,ignoring_inline_asm
../../Middlewares/ST/STM32_WPAN/ble/stack/include/auto/ble_wrap.c:4975:12:hci_le_read_remote_transmit_power_level	24	static,ignoring_inline_asm
../../Middlewares/ST/STM32_WPAN/ble/stack/include/auto/ble_wrap.c:4986:12:hci_le_set_path_loss_reporting_parameters	40	static,ignoring_inline_asm
../../Middlewares/ST/STM32_WPAN/ble/stack/include/auto/ble_wrap.c:5005:12:hci_le_set_path_loss_reporting_enable	24	static,ignoring_inline_asm
../../Middlewares/ST/STM32_WPAN/ble/stack/include/auto/ble_wrap.c:5016:12:hci_le_set_transmit_power_reporting_enable	24	static,ignoring_inline_asm
../../Middlewares/ST/STM32_WPAN/ble/stack/include/auto/ble_wrap.c:5029:12:hci_le_transmitter_test_v4	56	static,ignoring_inline_asm
../../Middlewares/ST/STM32_WPAN/ble/stack/include/auto/ble_wrap.c:5054:12:hci_le_set_data_related_address_changes	24	static,ignoring_inline_asm
../../Middlewares/ST/STM32_WPAN/ble/stack/include/auto/ble_wrap.c:5065:12:hci_le_set_default_subrate	40	static,ignoring_inline_asm
../../Middlewares/ST/STM32_WPAN/ble/stack/include/auto/ble_wrap.c:5082:12:hci_le_subrate_request	40	static,ignoring_inline_asm
../../Middlewares/ST/STM32_WPAN/ble/stack/include/auto/ble_wrap.c:5101:12:hci_le_set_extended_advertising_parameters_v2	88	static,ignoring_inline_asm
../../Middlewares/ST/STM32_WPAN/ble/stack/include/auto/ble_wrap.c:5144:12:hci_le_set_periodic_advertising_subevent_data	24	static,ignoring_inline_asm
../../Middlewares/ST/STM32_WPAN/ble/stack/include/auto/ble_wrap.c:5157:12:hci_le_set_periodic_advertising_response_data	48	static,ignoring_inline_asm
../../Middlewares/ST/STM32_WPAN/ble/stack/include/auto/ble_wrap.c:5178:12:hci_le_set_periodic_sync_subevent	32	static,ignoring_inline_asm
../../Middlewares/ST/STM32_WPAN/ble/stack/include/auto/ble_wrap.c:5193:12:hci_le_extended_create_connection_v2	48	static,ignoring_inline_asm
../../Middlewares/ST/STM32_WPAN/ble/stack/include/auto/ble_wrap.c:5216:12:hci_le_set_periodic_advertising_parameters_v2	56	static,ignoring_inline_asm
../../Middlewares/ST/STM32_WPAN/ble/stack/include/auto/ble_wrap.c:5241:12:hci_le_read_all_local_supported_features	24	static,ignoring_inline_asm
../../Middlewares/ST/STM32_WPAN/ble/stack/include/auto/ble_wrap.c:5252:12:hci_le_read_all_remote_features	24	static,ignoring_inline_asm
../../Middlewares/ST/STM32_WPAN/ble/stack/include/auto/ble_wrap.c:5263:12:hci_le_cs_read_local_supported_capabilities	96	static,ignoring_inline_asm
../../Middlewares/ST/STM32_WPAN/ble/stack/include/auto/ble_wrap.c:5310:12:hci_le_cs_read_remote_supported_capabilities	24	static,ignoring_inline_asm
../../Middlewares/ST/STM32_WPAN/ble/stack/include/auto/ble_wrap.c:5319:12:hci_le_cs_write_cached_remote_supported_capabilities	104	static,ignoring_inline_asm
../../Middlewares/ST/STM32_WPAN/ble/stack/include/auto/ble_wrap.c:5368:12:hci_le_cs_security_enable	24	static,ignoring_inline_asm
../../Middlewares/ST/STM32_WPAN/ble/stack/include/auto/ble_wrap.c:5377:12:hci_le_cs_set_default_settings	32	static,ignoring_inline_asm
../../Middlewares/ST/STM32_WPAN/ble/stack/include/auto/ble_wrap.c:5392:12:hci_le_cs_read_remote_fae_table	24	static,ignoring_inline_asm
../../Middlewares/ST/STM32_WPAN/ble/stack/include/auto/ble_wrap.c:5401:12:hci_le_cs_write_cached_remote_fae_table	24	static,ignoring_inline_asm
../../Middlewares/ST/STM32_WPAN/ble/stack/include/auto/ble_wrap.c:5412:12:hci_le_cs_create_config	88	static,ignoring_inline_asm
../../Middlewares/ST/STM32_WPAN/ble/stack/include/auto/ble_wrap.c:5455:12:hci_le_cs_remove_config	24	static,ignoring_inline_asm
../../Middlewares/ST/STM32_WPAN/ble/stack/include/auto/ble_wrap.c:5466:12:hci_le_cs_set_channel_classification	24	static,ignoring_inline_asm
../../Middlewares/ST/STM32_WPAN/ble/stack/include/auto/ble_wrap.c:5475:12:hci_le_cs_set_procedure_parameters	72	static,ignoring_inline_asm
../../Middlewares/ST/STM32_WPAN/ble/stack/include/auto/ble_wrap.c:5510:12:hci_le_cs_procedure_enable	24	static,ignoring_inline_asm
../../Middlewares/ST/STM32_WPAN/ble/stack/include/auto/ble_wrap.c:5523:12:hci_le_cs_test	120	static,ignoring_inline_asm
../../Middlewares/ST/STM32_WPAN/ble/stack/include/auto/ble_wrap.c:5582:12:hci_le_cs_test_end	16	static,ignoring_inline_asm
../../Middlewares/ST/STM32_WPAN/ble/stack/include/auto/ble_wrap.c:5591:12:hci_le_add_device_to_monitored_advertisers_list	32	static,ignoring_inline_asm
../../Middlewares/ST/STM32_WPAN/ble/stack/include/auto/ble_wrap.c:5608:12:hci_le_remove_device_from_monitored_advertisers_list	24	static,ignoring_inline_asm
../../Middlewares/ST/STM32_WPAN/ble/stack/include/auto/ble_wrap.c:5619:12:hci_le_clear_monitored_advertisers_list	16	static,ignoring_inline_asm
../../Middlewares/ST/STM32_WPAN/ble/stack/include/auto/ble_wrap.c:5628:12:hci_le_read_monitored_advertisers_list_size	24	static,ignoring_inline_asm
../../Middlewares/ST/STM32_WPAN/ble/stack/include/auto/ble_wrap.c:5637:12:hci_le_enable_monitoring_advertisers	24	static,ignoring_inline_asm
../../Middlewares/ST/STM32_WPAN/ble/stack/include/auto/ble_wrap.c:5646:12:hci_le_frame_space_update	40	static,ignoring_inline_asm
../../Middlewares/ST/STM32_WPAN/ble/stack/include/auto/ble_wrap.c:5663:12:aci_hal_write_config_data	24	static,ignoring_inline_asm
../../Middlewares/ST/STM32_WPAN/ble/stack/include/auto/ble_wrap.c:5676:12:aci_hal_read_config_data	32	static,ignoring_inline_asm
../../Middlewares/ST/STM32_WPAN/ble/stack/include/auto/ble_wrap.c:5689:12:aci_hal_set_tx_power_level	24	static,ignoring_inline_asm
../../Middlewares/ST/STM32_WPAN/ble/stack/include/auto/ble_wrap.c:5700:12:aci_hal_le_tx_test_packet_number	24	static,ignoring_inline_asm
../../Middlewares/ST/STM32_WPAN/ble/stack/include/auto/ble_wrap.c:5709:12:aci_hal_tone_start	24	static,ignoring_inline_asm
../../Middlewares/ST/STM32_WPAN/ble/stack/include/auto/ble_wrap.c:5720:12:aci_hal_tone_stop	16	static,ignoring_inline_asm
../../Middlewares/ST/STM32_WPAN/ble/stack/include/auto/ble_wrap.c:5729:12:aci_hal_set_radio_activity_mask	24	static,ignoring_inline_asm
../../Middlewares/ST/STM32_WPAN/ble/stack/include/auto/ble_wrap.c:5738:12:aci_hal_set_event_mask	24	static,ignoring_inline_asm
../../Middlewares/ST/STM32_WPAN/ble/stack/include/auto/ble_wrap.c:5747:12:aci_hal_get_link_status_v2	24	static,ignoring_inline_asm
../../Middlewares/ST/STM32_WPAN/ble/stack/include/auto/ble_wrap.c:5758:12:aci_hal_set_peripheral_latency	24	static,ignoring_inline_asm
../../Middlewares/ST/STM32_WPAN/ble/stack/include/auto/ble_wrap.c:5767:12:aci_hal_set_sync_event_config	32	static,ignoring_inline_asm
../../Middlewares/ST/STM32_WPAN/ble/stack/include/auto/ble_wrap.c:5782:12:aci_hal_read_rssi	24	static,ignoring_inline_asm
../../Middlewares/ST/STM32_WPAN/ble/stack/include/auto/ble_wrap.c:5791:12:aci_hal_continuous_tx_start	24	static,ignoring_inline_asm
../../Middlewares/ST/STM32_WPAN/ble/stack/include/auto/ble_wrap.c:5804:12:aci_hal_ead_encrypt_decrypt	48	static,ignoring_inline_asm
../../Middlewares/ST/STM32_WPAN/ble/stack/include/auto/ble_wrap.c:5825:12:aci_gap_set_non_discoverable	16	static,ignoring_inline_asm
../../Middlewares/ST/STM32_WPAN/ble/stack/include/auto/ble_wrap.c:5834:12:aci_gap_set_limited_discoverable	64	static,ignoring_inline_asm
../../Middlewares/ST/STM32_WPAN/ble/stack/include/auto/ble_wrap.c:5863:12:aci_gap_set_discoverable	64	static,ignoring_inline_asm
../../Middlewares/ST/STM32_WPAN/ble/stack/include/auto/ble_wrap.c:5892:12:aci_gap_set_direct_connectable	32	static,ignoring_inline_asm
../../Middlewares/ST/STM32_WPAN/ble/stack/include/auto/ble_wrap.c:5911:12:aci_gap_set_io_capability	24	static,ignoring_inline_asm
../../Middlewares/ST/STM32_WPAN/ble/stack/include/auto/ble_wrap.c:5920:12:aci_gap_set_authentication_requirement	56	static,ignoring_inline_asm
../../Middlewares/ST/STM32_WPAN/ble/stack/include/auto/ble_wrap.c:5945:12:aci_gap_set_authorization_requirement	24	static,ignoring_inline_asm
../../Middlewares/ST/STM32_WPAN/ble/stack/include/auto/ble_wrap.c:5956:12:aci_gap_pass_key_resp	24	static,ignoring_inline_asm
../../Middlewares/ST/STM32_WPAN/ble/stack/include/auto/ble_wrap.c:5967:12:aci_gap_authorization_resp	24	static,ignoring_inline_asm
../../Middlewares/ST/STM32_WPAN/ble/stack/include/auto/ble_wrap.c:5978:12:aci_gap_init	32	static,ignoring_inline_asm
../../Middlewares/ST/STM32_WPAN/ble/stack/include/auto/ble_wrap.c:5997:12:aci_gap_set_non_connectable	24	static,ignoring_inline_asm
../../Middlewares/ST/STM32_WPAN/ble/stack/include/auto/ble_wrap.c:6008:12:aci_gap_set_undirected_connectable	32	static,ignoring_inline_asm
../../Middlewares/ST/STM32_WPAN/ble/stack/include/auto/ble_wrap.c:6023:12:aci_gap_peripheral_security_req	24	static,ignoring_inline_asm
../../Middlewares/ST/STM32_WPAN/ble/stack/include/auto/ble_wrap.c:6032:12:aci_gap_update_adv_data	24	static,ignoring_inline_asm
../../Middlewares/ST/STM32_WPAN/ble/stack/include/auto/ble_wrap.c:6043:12:aci_gap_delete_ad_type	24	static,ignoring_inline_asm
../../Middlewares/ST/STM32_WPAN/ble/stack/include/auto/ble_wrap.c:6052:12:aci_gap_get_security_level	32	static,ignoring_inline_asm
../../Middlewares/ST/STM32_WPAN/ble/stack/include/auto/ble_wrap.c:6065:12:aci_gap_set_event_mask	24	static,ignoring_inline_asm
../../Middlewares/ST/STM32_WPAN/ble/stack/include/auto/ble_wrap.c:6074:12:aci_gap_configure_filter_accept_list	16	static,ignoring_inline_asm
../../Middlewares/ST/STM32_WPAN/ble/stack/include/auto/ble_wrap.c:6083:12:aci_gap_terminate	24	static,ignoring_inline_asm
../../Middlewares/ST/STM32_WPAN/ble/stack/include/auto/ble_wrap.c:6094:12:aci_gap_clear_security_db	16	static,ignoring_inline_asm
../../Middlewares/ST/STM32_WPAN/ble/stack/include/auto/ble_wrap.c:6103:12:aci_gap_allow_rebond	24	static,ignoring_inline_asm
../../Middlewares/ST/STM32_WPAN/ble/stack/include/auto/ble_wrap.c:6112:12:aci_gap_start_limited_discovery_proc	32	static,ignoring_inline_asm
../../Middlewares/ST/STM32_WPAN/ble/stack/include/auto/ble_wrap.c:6127:12:aci_gap_start_general_discovery_proc	32	static,ignoring_inline_asm
../../Middlewares/ST/STM32_WPAN/ble/stack/include/auto/ble_wrap.c:6142:12:aci_gap_start_auto_connection_establish_proc	64	static,ignoring_inline_asm
../../Middlewares/ST/STM32_WPAN/ble/stack/include/auto/ble_wrap.c:6171:12:aci_gap_start_general_connection_establish_proc	40	static,ignoring_inline_asm
../../Middlewares/ST/STM32_WPAN/ble/stack/include/auto/ble_wrap.c:6190:12:aci_gap_start_selective_connection_establish_proc	48	static,ignoring_inline_asm
../../Middlewares/ST/STM32_WPAN/ble/stack/include/auto/ble_wrap.c:6213:12:aci_gap_create_connection	64	static,ignoring_inline_asm
../../Middlewares/ST/STM32_WPAN/ble/stack/include/auto/ble_wrap.c:6242:12:aci_gap_terminate_gap_proc	24	static,ignoring_inline_asm
../../Middlewares/ST/STM32_WPAN/ble/stack/include/auto/ble_wrap.c:6251:12:aci_gap_start_connection_update	48	static,ignoring_inline_asm
../../Middlewares/ST/STM32_WPAN/ble/stack/include/auto/ble_wrap.c:6272:12:aci_gap_send_pairing_req	24	static,ignoring_inline_asm
../../Middlewares/ST/STM32_WPAN/ble/stack/include/auto/ble_wrap.c:6283:12:aci_gap_set_broadcast_mode	48	static,ignoring_inline_asm
../../Middlewares/ST/STM32_WPAN/ble/stack/include/auto/ble_wrap.c:6306:12:aci_gap_start_observation_proc	40	static,ignoring_inline_asm
../../Middlewares/ST/STM32_WPAN/ble/stack/include/auto/ble_wrap.c:6325:12:aci_gap_get_bonded_devices	24	static,ignoring_inline_asm
../../Middlewares/ST/STM32_WPAN/ble/stack/include/auto/ble_wrap.c:6336:12:aci_gap_check_bonded_device	32	static,ignoring_inline_asm
../../Middlewares/ST/STM32_WPAN/ble/stack/include/auto/ble_wrap.c:6351:12:aci_gap_numeric_comparison_value_confirm_yesno	24	static,ignoring_inline_asm
../../Middlewares/ST/STM32_WPAN/ble/stack/include/auto/ble_wrap.c:6362:12:aci_gap_passkey_input	24	static,ignoring_inline_asm
../../Middlewares/ST/STM32_WPAN/ble/stack/include/auto/ble_wrap.c:6373:12:aci_gap_get_oob_data	40	static,ignoring_inline_asm
../../Middlewares/ST/STM32_WPAN/ble/stack/include/auto/ble_wrap.c:6390:12:aci_gap_set_oob_data	32	static,ignoring_inline_asm
../../Middlewares/ST/STM32_WPAN/ble/stack/include/auto/ble_wrap.c:6409:12:aci_gap_remove_bonded_device	24	static,ignoring_inline_asm
../../Middlewares/ST/STM32_WPAN/ble/stack/include/auto/ble_wrap.c:6420:12:aci_gap_add_devices_to_list	24	static,ignoring_inline_asm
../../Middlewares/ST/STM32_WPAN/ble/stack/include/auto/ble_wrap.c:6433:12:aci_gap_pairing_request_reply	24	static,ignoring_inline_asm
../../Middlewares/ST/STM32_WPAN/ble/stack/include/auto/ble_wrap.c:6444:12:aci_gap_adv_set_configuration	72	static,ignoring_inline_asm
../../Middlewares/ST/STM32_WPAN/ble/stack/include/auto/ble_wrap.c:6481:12:aci_gap_adv_set_enable	24	static,ignoring_inline_asm
../../Middlewares/ST/STM32_WPAN/ble/stack/include/auto/ble_wrap.c:6494:12:aci_gap_adv_set_adv_data	40	static,ignoring_inline_asm
../../Middlewares/ST/STM32_WPAN/ble/stack/include/auto/ble_wrap.c:6511:12:aci_gap_adv_set_scan_resp_data	40	static,ignoring_inline_asm
../../Middlewares/ST/STM32_WPAN/ble/stack/include/auto/ble_wrap.c:6528:12:aci_gap_adv_remove_set	24	static,ignoring_inline_asm
../../Middlewares/ST/STM32_WPAN/ble/stack/include/auto/ble_wrap.c:6537:12:aci_gap_adv_clear_sets	16	static,ignoring_inline_asm
../../Middlewares/ST/STM32_WPAN/ble/stack/include/auto/ble_wrap.c:6546:12:aci_gap_adv_set_random_address	24	static,ignoring_inline_asm
../../Middlewares/ST/STM32_WPAN/ble/stack/include/auto/ble_wrap.c:6557:12:aci_gap_adv_set_periodic_parameters	56	static,ignoring_inline_asm
../../Middlewares/ST/STM32_WPAN/ble/stack/include/auto/ble_wrap.c:6582:12:aci_gap_adv_set_periodic_data	24	static,ignoring_inline_asm
../../Middlewares/ST/STM32_WPAN/ble/stack/include/auto/ble_wrap.c:6597:12:aci_gap_adv_set_periodic_enable	24	static,ignoring_inline_asm
../../Middlewares/ST/STM32_WPAN/ble/stack/include/auto/ble_wrap.c:6608:12:aci_gap_adv_set_configuration_v2	80	static,ignoring_inline_asm
../../Middlewares/ST/STM32_WPAN/ble/stack/include/auto/ble_wrap.c:6651:12:aci_gap_ext_start_scan	56	static,ignoring_inline_asm
../../Middlewares/ST/STM32_WPAN/ble/stack/include/auto/ble_wrap.c:6676:12:aci_gap_ext_create_connection	56	static,ignoring_inline_asm
../../Middlewares/ST/STM32_WPAN/ble/stack/include/auto/ble_wrap.c:6703:12:aci_gatt_init	16	static,ignoring_inline_asm
../../Middlewares/ST/STM32_WPAN/ble/stack/include/auto/ble_wrap.c:6712:12:aci_gatt_add_service	32	static,ignoring_inline_asm
../../Middlewares/ST/STM32_WPAN/ble/stack/include/auto/ble_wrap.c:6729:12:aci_gatt_include_service	40	static,ignoring_inline_asm
../../Middlewares/ST/STM32_WPAN/ble/stack/include/auto/ble_wrap.c:6748:12:aci_gatt_add_char	56	static,ignoring_inline_asm
../../Middlewares/ST/STM32_WPAN/ble/stack/include/auto/ble_wrap.c:6775:12:aci_gatt_add_char_desc	72	static,ignoring_inline_asm
../../Middlewares/ST/STM32_WPAN/ble/stack/include/auto/ble_wrap.c:6808:12:aci_gatt_update_char_value	40	static,ignoring_inline_asm
../../Middlewares/ST/STM32_WPAN/ble/stack/include/auto/ble_wrap.c:6825:12:aci_gatt_del_char	24	static,ignoring_inline_asm
../../Middlewares/ST/STM32_WPAN/ble/stack/include/auto/ble_wrap.c:6836:12:aci_gatt_del_service	24	static,ignoring_inline_asm
../../Middlewares/ST/STM32_WPAN/ble/stack/include/auto/ble_wrap.c:6845:12:aci_gatt_del_include_service	24	static,ignoring_inline_asm
../../Middlewares/ST/STM32_WPAN/ble/stack/include/auto/ble_wrap.c:6856:12:aci_gatt_set_event_mask	24	static,ignoring_inline_asm
../../Middlewares/ST/STM32_WPAN/ble/stack/include/auto/ble_wrap.c:6865:12:aci_gatt_exchange_config	24	static,ignoring_inline_asm
../../Middlewares/ST/STM32_WPAN/ble/stack/include/auto/ble_wrap.c:6874:12:aci_att_find_info_req	24	static,ignoring_inline_asm
../../Middlewares/ST/STM32_WPAN/ble/stack/include/auto/ble_wrap.c:6887:12:aci_att_find_by_type_value_req	40	static,ignoring_inline_asm
../../Middlewares/ST/STM32_WPAN/ble/stack/include/auto/ble_wrap.c:6906:12:aci_att_read_by_type_req	40	static,ignoring_inline_asm
../../Middlewares/ST/STM32_WPAN/ble/stack/include/auto/ble_wrap.c:6923:12:aci_att_read_by_group_type_req	40	static,ignoring_inline_asm
../../Middlewares/ST/STM32_WPAN/ble/stack/include/auto/ble_wrap.c:6940:12:aci_att_prepare_write_req	40	static,ignoring_inline_asm
../../Middlewares/ST/STM32_WPAN/ble/stack/include/auto/ble_wrap.c:6957:12:aci_att_execute_write_req	24	static,ignoring_inline_asm
../../Middlewares/ST/STM32_WPAN/ble/stack/include/auto/ble_wrap.c:6968:12:aci_gatt_disc_all_primary_services	24	static,ignoring_inline_asm
../../Middlewares/ST/STM32_WPAN/ble/stack/include/auto/ble_wrap.c:6977:12:aci_gatt_disc_primary_service_by_uuid	24	static,ignoring_inline_asm
../../Middlewares/ST/STM32_WPAN/ble/stack/include/auto/ble_wrap.c:6990:12:aci_gatt_find_included_services	24	static,ignoring_inline_asm
../../Middlewares/ST/STM32_WPAN/ble/stack/include/auto/ble_wrap.c:7003:12:aci_gatt_disc_all_char_of_service	24	static,ignoring_inline_asm
../../Middlewares/ST/STM32_WPAN/ble/stack/include/auto/ble_wrap.c:7016:12:aci_gatt_disc_char_by_uuid	40	static,ignoring_inline_asm
../../Middlewares/ST/STM32_WPAN/ble/stack/include/auto/ble_wrap.c:7033:12:aci_gatt_disc_all_char_desc	24	static,ignoring_inline_asm
../../Middlewares/ST/STM32_WPAN/ble/stack/include/auto/ble_wrap.c:7046:12:aci_gatt_read_char_value	24	static,ignoring_inline_asm
../../Middlewares/ST/STM32_WPAN/ble/stack/include/auto/ble_wrap.c:7057:12:aci_gatt_read_using_char_uuid	40	static,ignoring_inline_asm
../../Middlewares/ST/STM32_WPAN/ble/stack/include/auto/ble_wrap.c:7074:12:aci_gatt_read_long_char_value	24	static,ignoring_inline_asm
../../Middlewares/ST/STM32_WPAN/ble/stack/include/auto/ble_wrap.c:7087:12:aci_gatt_read_multiple_char_value	24	static,ignoring_inline_asm
../../Middlewares/ST/STM32_WPAN/ble/stack/include/auto/ble_wrap.c:7100:12:aci_gatt_write_char_value	32	static,ignoring_inline_asm
../../Middlewares/ST/STM32_WPAN/ble/stack/include/auto/ble_wrap.c:7115:12:aci_gatt_write_long_char_value	40	static,ignoring_inline_asm
../../Middlewares/ST/STM32_WPAN/ble/stack/include/auto/ble_wrap.c:7132:12:aci_gatt_write_char_reliable	40	static,ignoring_inline_asm
../../Middlewares/ST/STM32_WPAN/ble/stack/include/auto/ble_wrap.c:7149:12:aci_gatt_write_without_resp	32	static,ignoring_inline_asm
../../Middlewares/ST/STM32_WPAN/ble/stack/include/auto/ble_wrap.c:7164:12:aci_gatt_signed_write_without_resp	32	static,ignoring_inline_asm
../../Middlewares/ST/STM32_WPAN/ble/stack/include/auto/ble_wrap.c:7179:12:aci_gatt_confirm_indication	24	static,ignoring_inline_asm
../../Middlewares/ST/STM32_WPAN/ble/stack/include/auto/ble_wrap.c:7188:12:aci_gatt_permit_write	40	static,ignoring_inline_asm
../../Middlewares/ST/STM32_WPAN/ble/stack/include/auto/ble_wrap.c:7207:12:aci_gatt_permit_read	32	static,ignoring_inline_asm
../../Middlewares/ST/STM32_WPAN/ble/stack/include/auto/ble_wrap.c:7222:12:aci_gatt_set_security_permission	24	static,ignoring_inline_asm
../../Middlewares/ST/STM32_WPAN/ble/stack/include/auto/ble_wrap.c:7235:12:aci_gatt_set_desc_value	40	static,ignoring_inline_asm
../../Middlewares/ST/STM32_WPAN/ble/stack/include/auto/ble_wrap.c:7254:12:aci_gatt_read_handle_value	40	static,ignoring_inline_asm
../../Middlewares/ST/STM32_WPAN/ble/stack/include/auto/ble_wrap.c:7273:12:aci_gatt_get_attribute_value	48	static,ignoring_inline_asm
../../Middlewares/ST/STM32_WPAN/ble/stack/include/auto/ble_wrap.c:7294:12:aci_gatt_update_char_value_ext	48	static,ignoring_inline_asm
../../Middlewares/ST/STM32_WPAN/ble/stack/include/auto/ble_wrap.c:7317:12:aci_gatt_set_access_permission	24	static,ignoring_inline_asm
../../Middlewares/ST/STM32_WPAN/ble/stack/include/auto/ble_wrap.c:7330:12:aci_gatt_store_db	16	static,ignoring_inline_asm
../../Middlewares/ST/STM32_WPAN/ble/stack/include/auto/ble_wrap.c:7339:12:aci_gatt_send_mult_notification	24	static,ignoring_inline_asm
../../Middlewares/ST/STM32_WPAN/ble/stack/include/auto/ble_wrap.c:7352:12:aci_gatt_read_multiple_var_char_value	24	static,ignoring_inline_asm
../../Middlewares/ST/STM32_WPAN/ble/stack/include/auto/ble_wrap.c:7365:12:aci_gatt_write_without_resp_ext	40	static,ignoring_inline_asm
../../Middlewares/ST/STM32_WPAN/ble/stack/include/auto/ble_wrap.c:7382:12:aci_gatt_write_with_resp_ext	40	static,ignoring_inline_asm
../../Middlewares/ST/STM32_WPAN/ble/stack/include/auto/ble_wrap.c:7401:12:aci_l2cap_connection_parameter_update_req	40	static,ignoring_inline_asm
../../Middlewares/ST/STM32_WPAN/ble/stack/include/auto/ble_wrap.c:7418:12:aci_l2cap_connection_parameter_update_resp	56	static,ignoring_inline_asm
../../Middlewares/ST/STM32_WPAN/ble/stack/include/auto/ble_wrap.c:7443:12:aci_l2cap_coc_connect	40	static,ignoring_inline_asm
../../Middlewares/ST/STM32_WPAN/ble/stack/include/auto/ble_wrap.c:7462:12:aci_l2cap_coc_connect_confirm	48	static,ignoring_inline_asm
../../Middlewares/ST/STM32_WPAN/ble/stack/include/auto/ble_wrap.c:7485:12:aci_l2cap_coc_reconf	40	static,ignoring_inline_asm
../../Middlewares/ST/STM32_WPAN/ble/stack/include/auto/ble_wrap.c:7502:12:aci_l2cap_coc_reconf_confirm	24	static,ignoring_inline_asm
../../Middlewares/ST/STM32_WPAN/ble/stack/include/auto/ble_wrap.c:7513:12:aci_l2cap_coc_disconnect	24	static,ignoring_inline_asm
../../Middlewares/ST/STM32_WPAN/ble/stack/include/auto/ble_wrap.c:7522:12:aci_l2cap_coc_flow_control	24	static,ignoring_inline_asm
../../Middlewares/ST/STM32_WPAN/ble/stack/include/auto/ble_wrap.c:7533:12:aci_l2cap_coc_tx_data	24	static,ignoring_inline_asm
../../Middlewares/ST/STM32_WPAN/ble/stack/include/auto/ble_wrap.c:7546:12:aci_reset	24	static,ignoring_inline_asm
../../Middlewares/ST/STM32_WPAN/ble/stack/include/auto/ble_wrap.c:7557:12:aci_get_information	32	static,ignoring_inline_asm
../../Middlewares/ST/STM32_WPAN/ble/stack/include/auto/ble_wrap.c:7570:12:aci_write_config_data	24	static,ignoring_inline_asm
../../Middlewares/ST/STM32_WPAN/ble/stack/include/auto/ble_wrap.c:7583:12:aci_read_config_data	32	static,ignoring_inline_asm
../../Middlewares/ST/STM32_WPAN/ble/stack/include/auto/ble_wrap.c:7860:19:hci_disconnection_complete_event	16	static
../../Middlewares/ST/STM32_WPAN/ble/stack/include/auto/ble_wrap.c:7868:19:hci_disconnection_complete_event_process	24	static
../../Middlewares/ST/STM32_WPAN/ble/stack/include/auto/ble_wrap.c:7877:19:hci_encryption_change_event	16	static
../../Middlewares/ST/STM32_WPAN/ble/stack/include/auto/ble_wrap.c:7885:19:hci_encryption_change_event_process	24	static
../../Middlewares/ST/STM32_WPAN/ble/stack/include/auto/ble_wrap.c:7894:19:hci_read_remote_version_information_complete_event	16	static
../../Middlewares/ST/STM32_WPAN/ble/stack/include/auto/ble_wrap.c:7904:19:hci_read_remote_version_information_complete_event_process	40	static
../../Middlewares/ST/STM32_WPAN/ble/stack/include/auto/ble_wrap.c:7915:19:hci_hardware_error_event	16	static
../../Middlewares/ST/STM32_WPAN/ble/stack/include/auto/ble_wrap.c:7921:19:hci_hardware_error_event_process	24	static
../../Middlewares/ST/STM32_WPAN/ble/stack/include/auto/ble_wrap.c:7928:19:hci_number_of_completed_packets_event	16	static
../../Middlewares/ST/STM32_WPAN/ble/stack/include/auto/ble_wrap.c:7935:19:hci_number_of_completed_packets_event_process	24	static
../../Middlewares/ST/STM32_WPAN/ble/stack/include/auto/ble_wrap.c:7943:19:hci_data_buffer_overflow_event	16	static
../../Middlewares/ST/STM32_WPAN/ble/stack/include/auto/ble_wrap.c:7949:19:hci_data_buffer_overflow_event_process	24	static
../../Middlewares/ST/STM32_WPAN/ble/stack/include/auto/ble_wrap.c:7956:19:hci_encryption_key_refresh_complete_event	16	static
../../Middlewares/ST/STM32_WPAN/ble/stack/include/auto/ble_wrap.c:7963:19:hci_encryption_key_refresh_complete_event_process	24	static
../../Middlewares/ST/STM32_WPAN/ble/stack/include/auto/ble_wrap.c:7971:19:hci_authenticated_payload_timeout_expired_event	16	static
../../Middlewares/ST/STM32_WPAN/ble/stack/include/auto/ble_wrap.c:7977:19:hci_authenticated_payload_timeout_expired_event_process	24	static
../../Middlewares/ST/STM32_WPAN/ble/stack/include/auto/ble_wrap.c:7984:19:hci_le_connection_complete_event	16	static
../../Middlewares/ST/STM32_WPAN/ble/stack/include/auto/ble_wrap.c:7998:19:hci_le_connection_complete_event_process	64	static
../../Middlewares/ST/STM32_WPAN/ble/stack/include/auto/ble_wrap.c:8013:19:hci_le_advertising_report_event	16	static
../../Middlewares/ST/STM32_WPAN/ble/stack/include/auto/ble_wrap.c:8020:19:hci_le_advertising_report_event_process	40	static
../../Middlewares/ST/STM32_WPAN/ble/stack/include/auto/ble_wrap.c:8038:19:hci_le_connection_update_complete_event	16	static
../../Middlewares/ST/STM32_WPAN/ble/stack/include/auto/ble_wrap.c:8048:19:hci_le_connection_update_complete_event_process	40	static
../../Middlewares/ST/STM32_WPAN/ble/stack/include/auto/ble_wrap.c:8059:19:hci_le_read_remote_features_page_0_complete_event	16	static
../../Middlewares/ST/STM32_WPAN/ble/stack/include/auto/ble_wrap.c:8067:19:hci_le_read_remote_features_page_0_complete_event_process	24	static
../../Middlewares/ST/STM32_WPAN/ble/stack/include/auto/ble_wrap.c:8076:19:hci_le_long_term_key_request_event	16	static
../../Middlewares/ST/STM32_WPAN/ble/stack/include/auto/ble_wrap.c:8084:19:hci_le_long_term_key_request_event_process	24	static
../../Middlewares/ST/STM32_WPAN/ble/stack/include/auto/ble_wrap.c:8093:19:hci_le_remote_connection_parameter_request_event	16	static
../../Middlewares/ST/STM32_WPAN/ble/stack/include/auto/ble_wrap.c:8103:19:hci_le_remote_connection_parameter_request_event_process	40	static
../../Middlewares/ST/STM32_WPAN/ble/stack/include/auto/ble_wrap.c:8114:19:hci_le_data_length_change_event	16	static
../../Middlewares/ST/STM32_WPAN/ble/stack/include/auto/ble_wrap.c:8124:19:hci_le_data_length_change_event_process	40	static
../../Middlewares/ST/STM32_WPAN/ble/stack/include/auto/ble_wrap.c:8135:19:hci_le_read_local_p256_public_key_complete_event	16	static
../../Middlewares/ST/STM32_WPAN/ble/stack/include/auto/ble_wrap.c:8142:19:hci_le_read_local_p256_public_key_complete_event_process	24	static
../../Middlewares/ST/STM32_WPAN/ble/stack/include/auto/ble_wrap.c:8150:19:hci_le_generate_dhkey_complete_event	16	static
../../Middlewares/ST/STM32_WPAN/ble/stack/include/auto/ble_wrap.c:8157:19:hci_le_generate_dhkey_complete_event_process	24	static
../../Middlewares/ST/STM32_WPAN/ble/stack/include/auto/ble_wrap.c:8165:19:hci_le_enhanced_connection_complete_event	16	static
../../Middlewares/ST/STM32_WPAN/ble/stack/include/auto/ble_wrap.c:8181:19:hci_le_enhanced_connection_complete_event_process	80	static
../../Middlewares/ST/STM32_WPAN/ble/stack/include/auto/ble_wrap.c:8198:19:hci_le_directed_advertising_report_event	16	static
../../Middlewares/ST/STM32_WPAN/ble/stack/include/auto/ble_wrap.c:8205:19:hci_le_directed_advertising_report_event_process	24	static
../../Middlewares/ST/STM32_WPAN/ble/stack/include/auto/ble_wrap.c:8213:19:hci_le_phy_update_complete_event	16	static
../../Middlewares/ST/STM32_WPAN/ble/stack/include/auto/ble_wrap.c:8222:19:hci_le_phy_update_complete_event_process	24	static
../../Middlewares/ST/STM32_WPAN/ble/stack/include/auto/ble_wrap.c:8232:19:hci_le_extended_advertising_report_event	16	static
../../Middlewares/ST/STM32_WPAN/ble/stack/include/auto/ble_wrap.c:8251:19:hci_le_extended_advertising_report_event_process	96	static
../../Middlewares/ST/STM32_WPAN/ble/stack/include/auto/ble_wrap.c:8271:19:hci_le_periodic_advertising_sync_established_event	16	static
../../Middlewares/ST/STM32_WPAN/ble/stack/include/auto/ble_wrap.c:8284:19:hci_le_periodic_advertising_sync_established_event_process	56	static
../../Middlewares/ST/STM32_WPAN/ble/stack/include/auto/ble_wrap.c:8298:19:hci_le_periodic_advertising_report_event	16	static
../../Middlewares/ST/STM32_WPAN/ble/stack/include/auto/ble_wrap.c:8310:19:hci_le_periodic_advertising_report_event_process	56	static
../../Middlewares/ST/STM32_WPAN/ble/stack/include/auto/ble_wrap.c:8323:19:hci_le_periodic_advertising_sync_lost_event	16	static
../../Middlewares/ST/STM32_WPAN/ble/stack/include/auto/ble_wrap.c:8329:19:hci_le_periodic_advertising_sync_lost_event_process	24	static
../../Middlewares/ST/STM32_WPAN/ble/stack/include/auto/ble_wrap.c:8336:19:hci_le_scan_timeout_event	4	static
../../Middlewares/ST/STM32_WPAN/ble/stack/include/auto/ble_wrap.c:8342:19:hci_le_scan_timeout_event_process	16	static
../../Middlewares/ST/STM32_WPAN/ble/stack/include/auto/ble_wrap.c:8348:19:hci_le_advertising_set_terminated_event	16	static
../../Middlewares/ST/STM32_WPAN/ble/stack/include/auto/ble_wrap.c:8357:19:hci_le_advertising_set_terminated_event_process	24	static
../../Middlewares/ST/STM32_WPAN/ble/stack/include/auto/ble_wrap.c:8367:19:hci_le_scan_request_received_event	16	static
../../Middlewares/ST/STM32_WPAN/ble/stack/include/auto/ble_wrap.c:8375:19:hci_le_scan_request_received_event_process	24	static
../../Middlewares/ST/STM32_WPAN/ble/stack/include/auto/ble_wrap.c:8384:19:hci_le_channel_selection_algorithm_event	16	static
../../Middlewares/ST/STM32_WPAN/ble/stack/include/auto/ble_wrap.c:8391:19:hci_le_channel_selection_algorithm_event_process	24	static
../../Middlewares/ST/STM32_WPAN/ble/stack/include/auto/ble_wrap.c:8399:19:hci_le_connectionless_iq_report_event	16	static
../../Middlewares/ST/STM32_WPAN/ble/stack/include/auto/ble_wrap.c:8414:19:hci_le_connectionless_iq_report_event_process	64	static
../../Middlewares/ST/STM32_WPAN/ble/stack/include/auto/ble_wrap.c:8430:19:hci_le_connection_iq_report_event	16	static
../../Middlewares/ST/STM32_WPAN/ble/stack/include/auto/ble_wrap.c:8446:19:hci_le_connection_iq_report_event_process	80	static
../../Middlewares/ST/STM32_WPAN/ble/stack/include/auto/ble_wrap.c:8463:19:hci_le_cte_request_failed_event	16	static
../../Middlewares/ST/STM32_WPAN/ble/stack/include/auto/ble_wrap.c:8470:19:hci_le_cte_request_failed_event_process	24	static
../../Middlewares/ST/STM32_WPAN/ble/stack/include/auto/ble_wrap.c:8478:19:hci_le_periodic_advertising_sync_transfer_received_event	16	static
../../Middlewares/ST/STM32_WPAN/ble/stack/include/auto/ble_wrap.c:8493:19:hci_le_periodic_advertising_sync_transfer_received_event_process	64	static
../../Middlewares/ST/STM32_WPAN/ble/stack/include/auto/ble_wrap.c:8509:19:hci_le_cis_established_event	24	static
../../Middlewares/ST/STM32_WPAN/ble/stack/include/auto/ble_wrap.c:8530:19:hci_le_cis_established_event_process	112	static
../../Middlewares/ST/STM32_WPAN/ble/stack/include/auto/ble_wrap.c:8552:19:hci_le_cis_request_event	16	static
../../Middlewares/ST/STM32_WPAN/ble/stack/include/auto/ble_wrap.c:8561:19:hci_le_cis_request_event_process	24	static
../../Middlewares/ST/STM32_WPAN/ble/stack/include/auto/ble_wrap.c:8571:19:hci_le_create_big_complete_event	24	static
../../Middlewares/ST/STM32_WPAN/ble/stack/include/auto/ble_wrap.c:8589:19:hci_le_create_big_complete_event_process	96	static
../../Middlewares/ST/STM32_WPAN/ble/stack/include/auto/ble_wrap.c:8608:19:hci_le_terminate_big_complete_event	16	static
../../Middlewares/ST/STM32_WPAN/ble/stack/include/auto/ble_wrap.c:8615:19:hci_le_terminate_big_complete_event_process	24	static
../../Middlewares/ST/STM32_WPAN/ble/stack/include/auto/ble_wrap.c:8623:19:hci_le_big_sync_established_event	16	static
../../Middlewares/ST/STM32_WPAN/ble/stack/include/auto/ble_wrap.c:8639:19:hci_le_big_sync_established_event_process	80	static
../../Middlewares/ST/STM32_WPAN/ble/stack/include/auto/ble_wrap.c:8656:19:hci_le_big_sync_lost_event	16	static
../../Middlewares/ST/STM32_WPAN/ble/stack/include/auto/ble_wrap.c:8663:19:hci_le_big_sync_lost_event_process	24	static
../../Middlewares/ST/STM32_WPAN/ble/stack/include/auto/ble_wrap.c:8671:19:hci_le_request_peer_sca_complete_event	16	static
../../Middlewares/ST/STM32_WPAN/ble/stack/include/auto/ble_wrap.c:8679:19:hci_le_request_peer_sca_complete_event_process	24	static
../../Middlewares/ST/STM32_WPAN/ble/stack/include/auto/ble_wrap.c:8688:19:hci_le_path_loss_threshold_event	16	static
../../Middlewares/ST/STM32_WPAN/ble/stack/include/auto/ble_wrap.c:8696:19:hci_le_path_loss_threshold_event_process	24	static
../../Middlewares/ST/STM32_WPAN/ble/stack/include/auto/ble_wrap.c:8705:19:hci_le_transmit_power_reporting_event	16	static
../../Middlewares/ST/STM32_WPAN/ble/stack/include/auto/ble_wrap.c:8717:19:hci_le_transmit_power_reporting_event_process	56	static
../../Middlewares/ST/STM32_WPAN/ble/stack/include/auto/ble_wrap.c:8730:19:hci_le_biginfo_advertising_report_event	16	static
../../Middlewares/ST/STM32_WPAN/ble/stack/include/auto/ble_wrap.c:8748:19:hci_le_biginfo_advertising_report_event_process	96	static
../../Middlewares/ST/STM32_WPAN/ble/stack/include/auto/ble_wrap.c:8767:19:hci_le_subrate_change_event	16	static
../../Middlewares/ST/STM32_WPAN/ble/stack/include/auto/ble_wrap.c:8778:19:hci_le_subrate_change_event_process	40	static
../../Middlewares/ST/STM32_WPAN/ble/stack/include/auto/ble_wrap.c:8790:19:hci_le_periodic_advertising_sync_established_v2_event	16	static
../../Middlewares/ST/STM32_WPAN/ble/stack/include/auto/ble_wrap.c:8807:19:hci_le_periodic_advertising_sync_established_v2_event_process	80	static
../../Middlewares/ST/STM32_WPAN/ble/stack/include/auto/ble_wrap.c:8825:19:hci_le_periodic_advertising_report_v2_event	16	static
../../Middlewares/ST/STM32_WPAN/ble/stack/include/auto/ble_wrap.c:8839:19:hci_le_periodic_advertising_report_v2_event_process	64	static
../../Middlewares/ST/STM32_WPAN/ble/stack/include/auto/ble_wrap.c:8854:19:hci_le_periodic_advertising_sync_transfer_received_v2_event	16	static
../../Middlewares/ST/STM32_WPAN/ble/stack/include/auto/ble_wrap.c:8873:19:hci_le_periodic_advertising_sync_transfer_received_v2_event_process	96	static
../../Middlewares/ST/STM32_WPAN/ble/stack/include/auto/ble_wrap.c:8893:19:hci_le_periodic_advertising_subevent_data_request_event	16	static
../../Middlewares/ST/STM32_WPAN/ble/stack/include/auto/ble_wrap.c:8901:19:hci_le_periodic_advertising_subevent_data_request_event_process	24	static
../../Middlewares/ST/STM32_WPAN/ble/stack/include/auto/ble_wrap.c:8910:19:hci_le_periodic_advertising_response_report_event	16	static
../../Middlewares/ST/STM32_WPAN/ble/stack/include/auto/ble_wrap.c:8920:19:hci_le_periodic_advertising_response_report_event_process	40	static
../../Middlewares/ST/STM32_WPAN/ble/stack/include/auto/ble_wrap.c:8931:19:hci_le_enhanced_connection_complete_v2_event	16	static
../../Middlewares/ST/STM32_WPAN/ble/stack/include/auto/ble_wrap.c:8949:19:hci_le_enhanced_connection_complete_v2_event_process	96	static
../../Middlewares/ST/STM32_WPAN/ble/stack/include/auto/ble_wrap.c:8968:19:hci_le_cis_established_v2_event	24	static
../../Middlewares/ST/STM32_WPAN/ble/stack/include/auto/ble_wrap.c:8995:19:hci_le_cis_established_v2_event_process	160	static
../../Middlewares/ST/STM32_WPAN/ble/stack/include/auto/ble_wrap.c:9023:19:hci_le_read_all_remote_features_complete_event	16	static
../../Middlewares/ST/STM32_WPAN/ble/stack/include/auto/ble_wrap.c:9033:19:hci_le_read_all_remote_features_complete_event_process	40	static
../../Middlewares/ST/STM32_WPAN/ble/stack/include/auto/ble_wrap.c:9044:19:hci_le_cs_read_remote_supported_capabilities_complete_event	16	static
../../Middlewares/ST/STM32_WPAN/ble/stack/include/auto/ble_wrap.c:9071:19:hci_le_cs_read_remote_supported_capabilities_complete_event_process	160	static
../../Middlewares/ST/STM32_WPAN/ble/stack/include/auto/ble_wrap.c:9099:19:hci_le_cs_read_remote_fae_table_complete_event	16	static
../../Middlewares/ST/STM32_WPAN/ble/stack/include/auto/ble_wrap.c:9107:19:hci_le_cs_read_remote_fae_table_complete_event_process	24	static
../../Middlewares/ST/STM32_WPAN/ble/stack/include/auto/ble_wrap.c:9116:19:hci_le_cs_security_enable_complete_event	16	static
../../Middlewares/ST/STM32_WPAN/ble/stack/include/auto/ble_wrap.c:9123:19:hci_le_cs_security_enable_complete_event_process	24	static
../../Middlewares/ST/STM32_WPAN/ble/stack/include/auto/ble_wrap.c:9131:19:hci_le_cs_config_complete_event	16	static
../../Middlewares/ST/STM32_WPAN/ble/stack/include/auto/ble_wrap.c:9159:19:hci_le_cs_config_complete_event_process	176	static
../../Middlewares/ST/STM32_WPAN/ble/stack/include/auto/ble_wrap.c:9188:19:hci_le_cs_procedure_enable_complete_event	16	static
../../Middlewares/ST/STM32_WPAN/ble/stack/include/auto/ble_wrap.c:9206:19:hci_le_cs_procedure_enable_complete_event_process	96	static
../../Middlewares/ST/STM32_WPAN/ble/stack/include/auto/ble_wrap.c:9225:19:hci_le_cs_subevent_result_event	16	static
../../Middlewares/ST/STM32_WPAN/ble/stack/include/auto/ble_wrap.c:9242:19:hci_le_cs_subevent_result_event_process	80	static
../../Middlewares/ST/STM32_WPAN/ble/stack/include/auto/ble_wrap.c:9260:19:hci_le_cs_subevent_result_continue_event	16	static
../../Middlewares/ST/STM32_WPAN/ble/stack/include/auto/ble_wrap.c:9273:19:hci_le_cs_subevent_result_continue_event_process	56	static
../../Middlewares/ST/STM32_WPAN/ble/stack/include/auto/ble_wrap.c:9287:19:hci_le_cs_test_end_complete_event	16	static
../../Middlewares/ST/STM32_WPAN/ble/stack/include/auto/ble_wrap.c:9293:19:hci_le_cs_test_end_complete_event_process	24	static
../../Middlewares/ST/STM32_WPAN/ble/stack/include/auto/ble_wrap.c:9300:19:hci_le_monitored_advertisers_report_event	16	static
../../Middlewares/ST/STM32_WPAN/ble/stack/include/auto/ble_wrap.c:9308:19:hci_le_monitored_advertisers_report_event_process	24	static
../../Middlewares/ST/STM32_WPAN/ble/stack/include/auto/ble_wrap.c:9317:19:hci_le_frame_space_update_complete_event	16	static
../../Middlewares/ST/STM32_WPAN/ble/stack/include/auto/ble_wrap.c:9328:19:hci_le_frame_space_update_complete_event_process	40	static
../../Middlewares/ST/STM32_WPAN/ble/stack/include/auto/ble_wrap.c:9340:19:aci_warning_event	16	static
../../Middlewares/ST/STM32_WPAN/ble/stack/include/auto/ble_wrap.c:9348:19:aci_warning_event_process	24	static
../../Middlewares/ST/STM32_WPAN/ble/stack/include/auto/ble_wrap.c:9357:19:aci_gap_limited_discoverable_event	4	static
../../Middlewares/ST/STM32_WPAN/ble/stack/include/auto/ble_wrap.c:9363:19:aci_gap_limited_discoverable_event_process	16	static
../../Middlewares/ST/STM32_WPAN/ble/stack/include/auto/ble_wrap.c:9369:19:aci_gap_pairing_complete_event	16	static
../../Middlewares/ST/STM32_WPAN/ble/stack/include/auto/ble_wrap.c:9377:19:aci_gap_pairing_complete_event_process	24	static
../../Middlewares/ST/STM32_WPAN/ble/stack/include/auto/ble_wrap.c:9386:19:aci_gap_pass_key_req_event	16	static
../../Middlewares/ST/STM32_WPAN/ble/stack/include/auto/ble_wrap.c:9393:19:aci_gap_pass_key_req_event_process	24	static
../../Middlewares/ST/STM32_WPAN/ble/stack/include/auto/ble_wrap.c:9401:19:aci_gap_authorization_req_event	16	static
../../Middlewares/ST/STM32_WPAN/ble/stack/include/auto/ble_wrap.c:9407:19:aci_gap_authorization_req_event_process	24	static
../../Middlewares/ST/STM32_WPAN/ble/stack/include/auto/ble_wrap.c:9414:19:aci_gap_bond_lost_event	16	static
../../Middlewares/ST/STM32_WPAN/ble/stack/include/auto/ble_wrap.c:9420:19:aci_gap_bond_lost_event_process	24	static
../../Middlewares/ST/STM32_WPAN/ble/stack/include/auto/ble_wrap.c:9427:19:aci_gap_proc_complete_event	16	static
../../Middlewares/ST/STM32_WPAN/ble/stack/include/auto/ble_wrap.c:9436:19:aci_gap_proc_complete_event_process	24	static
../../Middlewares/ST/STM32_WPAN/ble/stack/include/auto/ble_wrap.c:9446:19:aci_gap_addr_not_resolved_event	16	static
../../Middlewares/ST/STM32_WPAN/ble/stack/include/auto/ble_wrap.c:9452:19:aci_gap_addr_not_resolved_event_process	24	static
../../Middlewares/ST/STM32_WPAN/ble/stack/include/auto/ble_wrap.c:9459:19:aci_gap_numeric_comparison_value_event	16	static
../../Middlewares/ST/STM32_WPAN/ble/stack/include/auto/ble_wrap.c:9466:19:aci_gap_numeric_comparison_value_event_process	24	static
../../Middlewares/ST/STM32_WPAN/ble/stack/include/auto/ble_wrap.c:9474:19:aci_gap_keypress_notification_event	16	static
../../Middlewares/ST/STM32_WPAN/ble/stack/include/auto/ble_wrap.c:9481:19:aci_gap_keypress_notification_event_process	24	static
../../Middlewares/ST/STM32_WPAN/ble/stack/include/auto/ble_wrap.c:9489:19:aci_gap_pairing_request_event	16	static
../../Middlewares/ST/STM32_WPAN/ble/stack/include/auto/ble_wrap.c:9497:19:aci_gap_pairing_request_event_process	24	static
../../Middlewares/ST/STM32_WPAN/ble/stack/include/auto/ble_wrap.c:9506:19:aci_l2cap_connection_update_resp_event	16	static
../../Middlewares/ST/STM32_WPAN/ble/stack/include/auto/ble_wrap.c:9513:19:aci_l2cap_connection_update_resp_event_process	24	static
../../Middlewares/ST/STM32_WPAN/ble/stack/include/auto/ble_wrap.c:9521:19:aci_l2cap_proc_timeout_event	16	static
../../Middlewares/ST/STM32_WPAN/ble/stack/include/auto/ble_wrap.c:9529:19:aci_l2cap_proc_timeout_event_process	24	static
../../Middlewares/ST/STM32_WPAN/ble/stack/include/auto/ble_wrap.c:9538:19:aci_l2cap_connection_update_req_event	16	static
../../Middlewares/ST/STM32_WPAN/ble/stack/include/auto/ble_wrap.c:9550:19:aci_l2cap_connection_update_req_event_process	56	static
../../Middlewares/ST/STM32_WPAN/ble/stack/include/auto/ble_wrap.c:9563:19:aci_l2cap_command_reject_event	16	static
../../Middlewares/ST/STM32_WPAN/ble/stack/include/auto/ble_wrap.c:9573:19:aci_l2cap_command_reject_event_process	40	static
../../Middlewares/ST/STM32_WPAN/ble/stack/include/auto/ble_wrap.c:9584:19:aci_l2cap_coc_connect_event	16	static
../../Middlewares/ST/STM32_WPAN/ble/stack/include/auto/ble_wrap.c:9595:19:aci_l2cap_coc_connect_event_process	40	static
../../Middlewares/ST/STM32_WPAN/ble/stack/include/auto/ble_wrap.c:9607:19:aci_l2cap_coc_connect_confirm_event	16	static
../../Middlewares/ST/STM32_WPAN/ble/stack/include/auto/ble_wrap.c:9619:19:aci_l2cap_coc_connect_confirm_event_process	56	static
../../Middlewares/ST/STM32_WPAN/ble/stack/include/auto/ble_wrap.c:9632:19:aci_l2cap_coc_reconf_event	16	static
../../Middlewares/ST/STM32_WPAN/ble/stack/include/auto/ble_wrap.c:9642:19:aci_l2cap_coc_reconf_event_process	40	static
../../Middlewares/ST/STM32_WPAN/ble/stack/include/auto/ble_wrap.c:9653:19:aci_l2cap_coc_reconf_confirm_event	16	static
../../Middlewares/ST/STM32_WPAN/ble/stack/include/auto/ble_wrap.c:9660:19:aci_l2cap_coc_reconf_confirm_event_process	24	static
../../Middlewares/ST/STM32_WPAN/ble/stack/include/auto/ble_wrap.c:9668:19:aci_l2cap_coc_disconnect_event	16	static
../../Middlewares/ST/STM32_WPAN/ble/stack/include/auto/ble_wrap.c:9674:19:aci_l2cap_coc_disconnect_event_process	24	static
../../Middlewares/ST/STM32_WPAN/ble/stack/include/auto/ble_wrap.c:9681:19:aci_l2cap_coc_flow_control_event	16	static
../../Middlewares/ST/STM32_WPAN/ble/stack/include/auto/ble_wrap.c:9688:19:aci_l2cap_coc_flow_control_event_process	24	static
../../Middlewares/ST/STM32_WPAN/ble/stack/include/auto/ble_wrap.c:9696:19:aci_l2cap_coc_rx_data_event	16	static
../../Middlewares/ST/STM32_WPAN/ble/stack/include/auto/ble_wrap.c:9704:19:aci_l2cap_coc_rx_data_event_process	24	static
../../Middlewares/ST/STM32_WPAN/ble/stack/include/auto/ble_wrap.c:9713:19:aci_l2cap_coc_tx_pool_available_event	4	static
../../Middlewares/ST/STM32_WPAN/ble/stack/include/auto/ble_wrap.c:9719:19:aci_l2cap_coc_tx_pool_available_event_process	16	static
../../Middlewares/ST/STM32_WPAN/ble/stack/include/auto/ble_wrap.c:9725:19:aci_gatt_attribute_modified_event	16	static
../../Middlewares/ST/STM32_WPAN/ble/stack/include/auto/ble_wrap.c:9735:19:aci_gatt_attribute_modified_event_process	40	static
../../Middlewares/ST/STM32_WPAN/ble/stack/include/auto/ble_wrap.c:9746:19:aci_gatt_proc_timeout_event	16	static
../../Middlewares/ST/STM32_WPAN/ble/stack/include/auto/ble_wrap.c:9752:19:aci_gatt_proc_timeout_event_process	24	static
../../Middlewares/ST/STM32_WPAN/ble/stack/include/auto/ble_wrap.c:9759:19:aci_att_exchange_mtu_resp_event	16	static
../../Middlewares/ST/STM32_WPAN/ble/stack/include/auto/ble_wrap.c:9766:19:aci_att_exchange_mtu_resp_event_process	24	static
../../Middlewares/ST/STM32_WPAN/ble/stack/include/auto/ble_wrap.c:9774:19:aci_att_find_info_resp_event	16	static
../../Middlewares/ST/STM32_WPAN/ble/stack/include/auto/ble_wrap.c:9783:19:aci_att_find_info_resp_event_process	24	static
../../Middlewares/ST/STM32_WPAN/ble/stack/include/auto/ble_wrap.c:9793:19:aci_att_find_by_type_value_resp_event	16	static
../../Middlewares/ST/STM32_WPAN/ble/stack/include/auto/ble_wrap.c:9801:19:aci_att_find_by_type_value_resp_event_process	24	static
../../Middlewares/ST/STM32_WPAN/ble/stack/include/auto/ble_wrap.c:9810:19:aci_att_read_by_type_resp_event	16	static
../../Middlewares/ST/STM32_WPAN/ble/stack/include/auto/ble_wrap.c:9819:19:aci_att_read_by_type_resp_event_process	24	static
../../Middlewares/ST/STM32_WPAN/ble/stack/include/auto/ble_wrap.c:9829:19:aci_att_read_resp_event	16	static
../../Middlewares/ST/STM32_WPAN/ble/stack/include/auto/ble_wrap.c:9837:19:aci_att_read_resp_event_process	24	static
../../Middlewares/ST/STM32_WPAN/ble/stack/include/auto/ble_wrap.c:9846:19:aci_att_read_blob_resp_event	16	static
../../Middlewares/ST/STM32_WPAN/ble/stack/include/auto/ble_wrap.c:9854:19:aci_att_read_blob_resp_event_process	24	static
../../Middlewares/ST/STM32_WPAN/ble/stack/include/auto/ble_wrap.c:9863:19:aci_att_read_multiple_resp_event	16	static
../../Middlewares/ST/STM32_WPAN/ble/stack/include/auto/ble_wrap.c:9871:19:aci_att_read_multiple_resp_event_process	24	static
../../Middlewares/ST/STM32_WPAN/ble/stack/include/auto/ble_wrap.c:9880:19:aci_att_read_by_group_type_resp_event	16	static
../../Middlewares/ST/STM32_WPAN/ble/stack/include/auto/ble_wrap.c:9889:19:aci_att_read_by_group_type_resp_event_process	24	static
../../Middlewares/ST/STM32_WPAN/ble/stack/include/auto/ble_wrap.c:9899:19:aci_att_prepare_write_resp_event	16	static
../../Middlewares/ST/STM32_WPAN/ble/stack/include/auto/ble_wrap.c:9909:19:aci_att_prepare_write_resp_event_process	40	static
../../Middlewares/ST/STM32_WPAN/ble/stack/include/auto/ble_wrap.c:9920:19:aci_att_exec_write_resp_event	16	static
../../Middlewares/ST/STM32_WPAN/ble/stack/include/auto/ble_wrap.c:9926:19:aci_att_exec_write_resp_event_process	24	static
../../Middlewares/ST/STM32_WPAN/ble/stack/include/auto/ble_wrap.c:9933:19:aci_gatt_indication_event	24	static
../../Middlewares/ST/STM32_WPAN/ble/stack/include/auto/ble_wrap.c:9942:19:aci_gatt_indication_event_process	24	static
../../Middlewares/ST/STM32_WPAN/ble/stack/include/auto/ble_wrap.c:9952:19:aci_gatt_notification_event	24	static
../../Middlewares/ST/STM32_WPAN/ble/stack/include/auto/ble_wrap.c:9961:19:aci_gatt_notification_event_process	24	static
../../Middlewares/ST/STM32_WPAN/ble/stack/include/auto/ble_wrap.c:9971:19:aci_gatt_proc_complete_event	16	static
../../Middlewares/ST/STM32_WPAN/ble/stack/include/auto/ble_wrap.c:9978:19:aci_gatt_proc_complete_event_process	24	static
../../Middlewares/ST/STM32_WPAN/ble/stack/include/auto/ble_wrap.c:9986:19:aci_gatt_error_resp_event	16	static
../../Middlewares/ST/STM32_WPAN/ble/stack/include/auto/ble_wrap.c:9995:19:aci_gatt_error_resp_event_process	24	static
../../Middlewares/ST/STM32_WPAN/ble/stack/include/auto/ble_wrap.c:10005:19:aci_gatt_disc_read_char_by_uuid_resp_event	24	static
../../Middlewares/ST/STM32_WPAN/ble/stack/include/auto/ble_wrap.c:10014:19:aci_gatt_disc_read_char_by_uuid_resp_event_process	24	static
../../Middlewares/ST/STM32_WPAN/ble/stack/include/auto/ble_wrap.c:10024:19:aci_gatt_write_permit_req_event	24	static
../../Middlewares/ST/STM32_WPAN/ble/stack/include/auto/ble_wrap.c:10033:19:aci_gatt_write_permit_req_event_process	24	static
../../Middlewares/ST/STM32_WPAN/ble/stack/include/auto/ble_wrap.c:10043:19:aci_gatt_read_permit_req_event	16	static
../../Middlewares/ST/STM32_WPAN/ble/stack/include/auto/ble_wrap.c:10051:19:aci_gatt_read_permit_req_event_process	24	static
../../Middlewares/ST/STM32_WPAN/ble/stack/include/auto/ble_wrap.c:10060:19:aci_gatt_read_multi_permit_req_event	16	static
../../Middlewares/ST/STM32_WPAN/ble/stack/include/auto/ble_wrap.c:10068:19:aci_gatt_read_multi_permit_req_event_process	24	static
../../Middlewares/ST/STM32_WPAN/ble/stack/include/auto/ble_wrap.c:10077:19:aci_gatt_tx_pool_available_event	16	static
../../Middlewares/ST/STM32_WPAN/ble/stack/include/auto/ble_wrap.c:10084:19:aci_gatt_tx_pool_available_event_process	24	static
../../Middlewares/ST/STM32_WPAN/ble/stack/include/auto/ble_wrap.c:10092:19:aci_gatt_server_confirmation_event	16	static
../../Middlewares/ST/STM32_WPAN/ble/stack/include/auto/ble_wrap.c:10098:19:aci_gatt_server_confirmation_event_process	24	static
../../Middlewares/ST/STM32_WPAN/ble/stack/include/auto/ble_wrap.c:10105:19:aci_gatt_prepare_write_permit_req_event	16	static
../../Middlewares/ST/STM32_WPAN/ble/stack/include/auto/ble_wrap.c:10115:19:aci_gatt_prepare_write_permit_req_event_process	40	static
../../Middlewares/ST/STM32_WPAN/ble/stack/include/auto/ble_wrap.c:10126:19:aci_gatt_eatt_bearer_event	16	static
../../Middlewares/ST/STM32_WPAN/ble/stack/include/auto/ble_wrap.c:10135:19:aci_gatt_eatt_bearer_event_process	24	static
../../Middlewares/ST/STM32_WPAN/ble/stack/include/auto/ble_wrap.c:10145:19:aci_gatt_mult_notification_event	24	static
../../Middlewares/ST/STM32_WPAN/ble/stack/include/auto/ble_wrap.c:10154:19:aci_gatt_mult_notification_event_process	24	static
../../Middlewares/ST/STM32_WPAN/ble/stack/include/auto/ble_wrap.c:10164:19:aci_gatt_notification_complete_event	16	static
../../Middlewares/ST/STM32_WPAN/ble/stack/include/auto/ble_wrap.c:10170:19:aci_gatt_notification_complete_event_process	24	static
../../Middlewares/ST/STM32_WPAN/ble/stack/include/auto/ble_wrap.c:10177:19:aci_gatt_read_ext_event	24	static
../../Middlewares/ST/STM32_WPAN/ble/stack/include/auto/ble_wrap.c:10186:19:aci_gatt_read_ext_event_process	24	static
../../Middlewares/ST/STM32_WPAN/ble/stack/include/auto/ble_wrap.c:10196:19:aci_gatt_indication_ext_event	16	static
../../Middlewares/ST/STM32_WPAN/ble/stack/include/auto/ble_wrap.c:10206:19:aci_gatt_indication_ext_event_process	40	static
../../Middlewares/ST/STM32_WPAN/ble/stack/include/auto/ble_wrap.c:10217:19:aci_gatt_notification_ext_event	16	static
../../Middlewares/ST/STM32_WPAN/ble/stack/include/auto/ble_wrap.c:10227:19:aci_gatt_notification_ext_event_process	40	static
../../Middlewares/ST/STM32_WPAN/ble/stack/include/auto/ble_wrap.c:10238:19:aci_hal_end_of_radio_activity_event	16	static
../../Middlewares/ST/STM32_WPAN/ble/stack/include/auto/ble_wrap.c:10248:19:aci_hal_end_of_radio_activity_event_process	40	static
../../Middlewares/ST/STM32_WPAN/ble/stack/include/auto/ble_wrap.c:10259:19:aci_hal_sync_event	24	static
../../Middlewares/ST/STM32_WPAN/ble/stack/include/auto/ble_wrap.c:10268:19:aci_hal_sync_event_process	24	static
../../Middlewares/ST/STM32_WPAN/ble/stack/include/auto/ble_wrap.c:10278:9:BLE_EventProcess	32	static
C:/Work/Projects/ST Workspace/LR_BLE_Leak Sensor/BLE_HR_P2PServer/STM32_WPAN/Target/bleplat.c:34:6:BLEPLAT_Init	4	static
C:/Work/Projects/ST Workspace/LR_BLE_Leak Sensor/BLE_HR_P2PServer/STM32_WPAN/Target/bleplat.c:42:6:BLEPLAT_NvmStore	16	static
C:/Work/Projects/ST Workspace/LR_BLE_Leak Sensor/BLE_HR_P2PServer/STM32_WPAN/Target/bleplat.c:54:6:BLEPLAT_RngGet	16	static
C:/Work/Projects/ST Workspace/LR_BLE_Leak Sensor/BLE_HR_P2PServer/STM32_WPAN/Target/bleplat.c:63:6:BLEPLAT_AesEcbEncrypt	24	static
C:/Work/Projects/ST Workspace/LR_BLE_Leak Sensor/BLE_HR_P2PServer/STM32_WPAN/Target/bleplat.c:72:6:BLEPLAT_AesCmacSetKey	16	static
C:/Work/Projects/ST Workspace/LR_BLE_Leak Sensor/BLE_HR_P2PServer/STM32_WPAN/Target/bleplat.c:79:6:BLEPLAT_AesCmacCompute	24	static
C:/Work/Projects/ST Workspace/LR_BLE_Leak Sensor/BLE_HR_P2PServer/STM32_WPAN/Target/bleplat.c:88:5:BLEPLAT_AesCcmCrypt	56	static
C:/Work/Projects/ST Workspace/LR_BLE_Leak Sensor/BLE_HR_P2PServer/STM32_WPAN/Target/bleplat.c:106:5:BLEPLAT_PkaStartP256Key	16	static
C:/Work/Projects/ST Workspace/LR_BLE_Leak Sensor/BLE_HR_P2PServer/STM32_WPAN/Target/bleplat.c:113:6:BLEPLAT_PkaReadP256Key	16	static
C:/Work/Projects/ST Workspace/LR_BLE_Leak Sensor/BLE_HR_P2PServer/STM32_WPAN/Target/bleplat.c:120:5:BLEPLAT_PkaStartDhKey	16	static
C:/Work/Projects/ST Workspace/LR_BLE_Leak Sensor/BLE_HR_P2PServer/STM32_WPAN/Target/bleplat.c:128:5:BLEPLAT_PkaReadDhKey	16	static
C:/Work/Projects/ST Workspace/LR_BLE_Leak Sensor/BLE_HR_P2PServer/STM32_WPAN/Target/bleplat.c:135:6:PKACTRL_CB_Complete	8	static
C:/Work/Projects/ST Workspace/LR_BLE_Leak Sensor/BLE_HR_P2PServer/STM32_WPAN/Target/bleplat.c:144:9:BLEPLAT_TimerStart	16	static
C:/Work/Projects/ST Workspace/LR_BLE_Leak Sensor/BLE_HR_P2PServer/STM32_WPAN/Target/bleplat.c:152:6:BLEPLAT_TimerStop	16	static
