C:/Work/Projects/ST Workspace/LR_BLE_Leak Sensor/BLE_HR_P2PServer/Middlewares/ST/STM32_WPAN/link_layer/ll_sys/src/ll_sys_intf.c:30:6:ll_sys_init	8	static
C:/Work/Projects/ST Workspace/LR_BLE_Leak Sensor/BLE_HR_P2PServer/Middlewares/ST/STM32_WPAN/link_layer/ll_sys/src/ll_sys_intf.c:40:6:ll_sys_delay_us	16	static
C:/Work/Projects/ST Workspace/LR_BLE_Leak Sensor/BLE_HR_P2PServer/Middlewares/ST/STM32_WPAN/link_layer/ll_sys/src/ll_sys_intf.c:50:6:ll_sys_assert	16	static
C:/Work/Projects/ST Workspace/LR_BLE_Leak Sensor/BLE_HR_P2PServer/Middlewares/ST/STM32_WPAN/link_layer/ll_sys/src/ll_sys_intf.c:60:6:ll_sys_radio_ack_ctrl	16	static
C:/Work/Projects/ST Workspace/LR_BLE_Leak Sensor/BLE_HR_P2PServer/Middlewares/ST/STM32_WPAN/link_layer/ll_sys/src/ll_sys_intf.c:70:6:ll_sys_radio_wait_for_busclkrdy	8	static
C:/Work/Projects/ST Workspace/LR_BLE_Leak Sensor/BLE_HR_P2PServer/Middlewares/ST/STM32_WPAN/link_layer/ll_sys/src/ll_sys_intf.c:80:6:ll_sys_get_rng	16	static
C:/Work/Projects/ST Workspace/LR_BLE_Leak Sensor/BLE_HR_P2PServer/Middlewares/ST/STM32_WPAN/link_layer/ll_sys/src/ll_sys_intf.c:90:6:ll_sys_setup_radio_intr	16	static
C:/Work/Projects/ST Workspace/LR_BLE_Leak Sensor/BLE_HR_P2PServer/Middlewares/ST/STM32_WPAN/link_layer/ll_sys/src/ll_sys_intf.c:101:6:ll_sys_setup_radio_sw_low_intr	16	static
C:/Work/Projects/ST Workspace/LR_BLE_Leak Sensor/BLE_HR_P2PServer/Middlewares/ST/STM32_WPAN/link_layer/ll_sys/src/ll_sys_intf.c:111:6:ll_sys_radio_sw_low_intr_trigger	16	static
C:/Work/Projects/ST Workspace/LR_BLE_Leak Sensor/BLE_HR_P2PServer/Middlewares/ST/STM32_WPAN/link_layer/ll_sys/src/ll_sys_intf.c:121:6:ll_sys_radio_evt_not	16	static
C:/Work/Projects/ST Workspace/LR_BLE_Leak Sensor/BLE_HR_P2PServer/Middlewares/ST/STM32_WPAN/link_layer/ll_sys/src/ll_sys_intf.c:139:6:ll_sys_rco_clbr_not	16	static
C:/Work/Projects/ST Workspace/LR_BLE_Leak Sensor/BLE_HR_P2PServer/Middlewares/ST/STM32_WPAN/link_layer/ll_sys/src/ll_sys_intf.c:157:6:ll_sys_request_temperature	8	static
C:/Work/Projects/ST Workspace/LR_BLE_Leak Sensor/BLE_HR_P2PServer/Middlewares/ST/STM32_WPAN/link_layer/ll_sys/src/ll_sys_intf.c:167:6:ll_sys_bg_process	8	static
C:/Work/Projects/ST Workspace/LR_BLE_Leak Sensor/BLE_HR_P2PServer/Middlewares/ST/STM32_WPAN/link_layer/ll_sys/src/ll_sys_intf.c:182:6:ll_sys_schldr_timing_update_not	16	static
C:/Work/Projects/ST Workspace/LR_BLE_Leak Sensor/BLE_HR_P2PServer/Middlewares/ST/STM32_WPAN/link_layer/ll_sys/src/ll_sys_intf.c:192:9:ll_sys_get_concurrent_state_machines_num	4	static
C:/Work/Projects/ST Workspace/LR_BLE_Leak Sensor/BLE_HR_P2PServer/Middlewares/ST/STM32_WPAN/link_layer/ll_sys/src/ll_sys_intf.c:197:13:HostStack_Process	4	static
