C:/Work/Projects/ST Workspace/LR_BLE_Leak Sensor/BLE_HR_P2PServer/Drivers/STM32WBAxx_HAL_Driver/Src/stm32wbaxx_hal_rtc_ex.c:234:19:HAL_RTCEx_SetTimeStamp	24	static
C:/Work/Projects/ST Workspace/LR_BLE_Leak Sensor/BLE_HR_P2PServer/Drivers/STM32WBAxx_HAL_Driver/Src/stm32wbaxx_hal_rtc_ex.c:286:19:HAL_RTCEx_SetTimeStamp_IT	24	static
C:/Work/Projects/ST Workspace/LR_BLE_Leak Sensor/BLE_HR_P2PServer/Drivers/STM32WBAxx_HAL_Driver/Src/stm32wbaxx_hal_rtc_ex.c:328:19:HAL_RTCEx_DeactivateTimeStamp	16	static
C:/Work/Projects/ST Workspace/LR_BLE_Leak Sensor/BLE_HR_P2PServer/Drivers/STM32WBAxx_HAL_Driver/Src/stm32wbaxx_hal_rtc_ex.c:364:19:HAL_RTCEx_GetTimeStamp	32	static
C:/Work/Projects/ST Workspace/LR_BLE_Leak Sensor/BLE_HR_P2PServer/Drivers/STM32WBAxx_HAL_Driver/Src/stm32wbaxx_hal_rtc_ex.c:431:6:HAL_RTCEx_TimeStampIRQHandler	16	static
C:/Work/Projects/ST Workspace/LR_BLE_Leak Sensor/BLE_HR_P2PServer/Drivers/STM32WBAxx_HAL_Driver/Src/stm32wbaxx_hal_rtc_ex.c:461:13:HAL_RTCEx_TimeStampEventCallback	16	static
C:/Work/Projects/ST Workspace/LR_BLE_Leak Sensor/BLE_HR_P2PServer/Drivers/STM32WBAxx_HAL_Driver/Src/stm32wbaxx_hal_rtc_ex.c:477:19:HAL_RTCEx_PollForTimeStampEvent	24	static
C:/Work/Projects/ST Workspace/LR_BLE_Leak Sensor/BLE_HR_P2PServer/Drivers/STM32WBAxx_HAL_Driver/Src/stm32wbaxx_hal_rtc_ex.c:531:19:HAL_RTCEx_SetWakeUpTimer	32	static
C:/Work/Projects/ST Workspace/LR_BLE_Leak Sensor/BLE_HR_P2PServer/Drivers/STM32WBAxx_HAL_Driver/Src/stm32wbaxx_hal_rtc_ex.c:607:19:HAL_RTCEx_SetWakeUpTimer_IT	32	static
C:/Work/Projects/ST Workspace/LR_BLE_Leak Sensor/BLE_HR_P2PServer/Drivers/STM32WBAxx_HAL_Driver/Src/stm32wbaxx_hal_rtc_ex.c:682:19:HAL_RTCEx_DeactivateWakeUpTimer	16	static
C:/Work/Projects/ST Workspace/LR_BLE_Leak Sensor/BLE_HR_P2PServer/Drivers/STM32WBAxx_HAL_Driver/Src/stm32wbaxx_hal_rtc_ex.c:708:10:HAL_RTCEx_GetWakeUpTimer	16	static
C:/Work/Projects/ST Workspace/LR_BLE_Leak Sensor/BLE_HR_P2PServer/Drivers/STM32WBAxx_HAL_Driver/Src/stm32wbaxx_hal_rtc_ex.c:722:6:HAL_RTCEx_WakeUpTimerIRQHandler	16	static
C:/Work/Projects/ST Workspace/LR_BLE_Leak Sensor/BLE_HR_P2PServer/Drivers/STM32WBAxx_HAL_Driver/Src/stm32wbaxx_hal_rtc_ex.c:750:13:HAL_RTCEx_WakeUpTimerEventCallback	16	static
C:/Work/Projects/ST Workspace/LR_BLE_Leak Sensor/BLE_HR_P2PServer/Drivers/STM32WBAxx_HAL_Driver/Src/stm32wbaxx_hal_rtc_ex.c:766:19:HAL_RTCEx_PollForWakeUpTimerEvent	24	static
C:/Work/Projects/ST Workspace/LR_BLE_Leak Sensor/BLE_HR_P2PServer/Drivers/STM32WBAxx_HAL_Driver/Src/stm32wbaxx_hal_rtc_ex.c:848:19:HAL_RTCEx_SetSmoothCalib	32	static
C:/Work/Projects/ST Workspace/LR_BLE_Leak Sensor/BLE_HR_P2PServer/Drivers/STM32WBAxx_HAL_Driver/Src/stm32wbaxx_hal_rtc_ex.c:918:19:HAL_RTCEx_SetLowPowerCalib	16	static
C:/Work/Projects/ST Workspace/LR_BLE_Leak Sensor/BLE_HR_P2PServer/Drivers/STM32WBAxx_HAL_Driver/Src/stm32wbaxx_hal_rtc_ex.c:959:19:HAL_RTCEx_SetSynchroShift	32	static
C:/Work/Projects/ST Workspace/LR_BLE_Leak Sensor/BLE_HR_P2PServer/Drivers/STM32WBAxx_HAL_Driver/Src/stm32wbaxx_hal_rtc_ex.c:1065:19:HAL_RTCEx_SetCalibrationOutPut	16	static
C:/Work/Projects/ST Workspace/LR_BLE_Leak Sensor/BLE_HR_P2PServer/Drivers/STM32WBAxx_HAL_Driver/Src/stm32wbaxx_hal_rtc_ex.c:1096:19:HAL_RTCEx_DeactivateCalibrationOutPut	16	static
C:/Work/Projects/ST Workspace/LR_BLE_Leak Sensor/BLE_HR_P2PServer/Drivers/STM32WBAxx_HAL_Driver/Src/stm32wbaxx_hal_rtc_ex.c:1123:19:HAL_RTCEx_SetRefClock	24	static
C:/Work/Projects/ST Workspace/LR_BLE_Leak Sensor/BLE_HR_P2PServer/Drivers/STM32WBAxx_HAL_Driver/Src/stm32wbaxx_hal_rtc_ex.c:1167:19:HAL_RTCEx_DeactivateRefClock	24	static
C:/Work/Projects/ST Workspace/LR_BLE_Leak Sensor/BLE_HR_P2PServer/Drivers/STM32WBAxx_HAL_Driver/Src/stm32wbaxx_hal_rtc_ex.c:1214:19:HAL_RTCEx_EnableBypassShadow	16	static
C:/Work/Projects/ST Workspace/LR_BLE_Leak Sensor/BLE_HR_P2PServer/Drivers/STM32WBAxx_HAL_Driver/Src/stm32wbaxx_hal_rtc_ex.c:1241:19:HAL_RTCEx_DisableBypassShadow	16	static
C:/Work/Projects/ST Workspace/LR_BLE_Leak Sensor/BLE_HR_P2PServer/Drivers/STM32WBAxx_HAL_Driver/Src/stm32wbaxx_hal_rtc_ex.c:1269:19:HAL_RTCEx_MonotonicCounterIncrement	16	static
C:/Work/Projects/ST Workspace/LR_BLE_Leak Sensor/BLE_HR_P2PServer/Drivers/STM32WBAxx_HAL_Driver/Src/stm32wbaxx_hal_rtc_ex.c:1291:19:HAL_RTCEx_MonotonicCounterGet	24	static
C:/Work/Projects/ST Workspace/LR_BLE_Leak Sensor/BLE_HR_P2PServer/Drivers/STM32WBAxx_HAL_Driver/Src/stm32wbaxx_hal_rtc_ex.c:1309:19:HAL_RTCEx_SetSSRU_IT	16	static
C:/Work/Projects/ST Workspace/LR_BLE_Leak Sensor/BLE_HR_P2PServer/Drivers/STM32WBAxx_HAL_Driver/Src/stm32wbaxx_hal_rtc_ex.c:1334:19:HAL_RTCEx_DeactivateSSRU	16	static
C:/Work/Projects/ST Workspace/LR_BLE_Leak Sensor/BLE_HR_P2PServer/Drivers/STM32WBAxx_HAL_Driver/Src/stm32wbaxx_hal_rtc_ex.c:1359:6:HAL_RTCEx_SSRUIRQHandler	16	static
C:/Work/Projects/ST Workspace/LR_BLE_Leak Sensor/BLE_HR_P2PServer/Drivers/STM32WBAxx_HAL_Driver/Src/stm32wbaxx_hal_rtc_ex.c:1390:13:HAL_RTCEx_SSRUEventCallback	16	static
C:/Work/Projects/ST Workspace/LR_BLE_Leak Sensor/BLE_HR_P2PServer/Drivers/STM32WBAxx_HAL_Driver/Src/stm32wbaxx_hal_rtc_ex.c:1424:13:HAL_RTCEx_AlarmBEventCallback	16	static
C:/Work/Projects/ST Workspace/LR_BLE_Leak Sensor/BLE_HR_P2PServer/Drivers/STM32WBAxx_HAL_Driver/Src/stm32wbaxx_hal_rtc_ex.c:1440:19:HAL_RTCEx_PollForAlarmBEvent	24	static
C:/Work/Projects/ST Workspace/LR_BLE_Leak Sensor/BLE_HR_P2PServer/Drivers/STM32WBAxx_HAL_Driver/Src/stm32wbaxx_hal_rtc_ex.c:1510:19:HAL_RTCEx_SetTamper	24	static
C:/Work/Projects/ST Workspace/LR_BLE_Leak Sensor/BLE_HR_P2PServer/Drivers/STM32WBAxx_HAL_Driver/Src/stm32wbaxx_hal_rtc_ex.c:1581:19:HAL_RTCEx_SetTamper_IT	24	static
C:/Work/Projects/ST Workspace/LR_BLE_Leak Sensor/BLE_HR_P2PServer/Drivers/STM32WBAxx_HAL_Driver/Src/stm32wbaxx_hal_rtc_ex.c:1655:19:HAL_RTCEx_DeactivateTamper	16	static
C:/Work/Projects/ST Workspace/LR_BLE_Leak Sensor/BLE_HR_P2PServer/Drivers/STM32WBAxx_HAL_Driver/Src/stm32wbaxx_hal_rtc_ex.c:1684:19:HAL_RTCEx_SetActiveTampers	48	static
C:/Work/Projects/ST Workspace/LR_BLE_Leak Sensor/BLE_HR_P2PServer/Drivers/STM32WBAxx_HAL_Driver/Src/stm32wbaxx_hal_rtc_ex.c:1810:19:HAL_RTCEx_SetActiveSeed	24	static
C:/Work/Projects/ST Workspace/LR_BLE_Leak Sensor/BLE_HR_P2PServer/Drivers/STM32WBAxx_HAL_Driver/Src/stm32wbaxx_hal_rtc_ex.c:1858:19:HAL_RTCEx_LockBootHardwareKey	16	static
C:/Work/Projects/ST Workspace/LR_BLE_Leak Sensor/BLE_HR_P2PServer/Drivers/STM32WBAxx_HAL_Driver/Src/stm32wbaxx_hal_rtc_ex.c:1874:19:HAL_RTCEx_DeactivateActiveTampers	24	static
C:/Work/Projects/ST Workspace/LR_BLE_Leak Sensor/BLE_HR_P2PServer/Drivers/STM32WBAxx_HAL_Driver/Src/stm32wbaxx_hal_rtc_ex.c:1919:19:HAL_RTCEx_PollForTamperEvent	32	static
C:/Work/Projects/ST Workspace/LR_BLE_Leak Sensor/BLE_HR_P2PServer/Drivers/STM32WBAxx_HAL_Driver/Src/stm32wbaxx_hal_rtc_ex.c:1961:19:HAL_RTCEx_SetInternalTamper	16	static
C:/Work/Projects/ST Workspace/LR_BLE_Leak Sensor/BLE_HR_P2PServer/Drivers/STM32WBAxx_HAL_Driver/Src/stm32wbaxx_hal_rtc_ex.c:2001:19:HAL_RTCEx_SetInternalTamper_IT	16	static
C:/Work/Projects/ST Workspace/LR_BLE_Leak Sensor/BLE_HR_P2PServer/Drivers/STM32WBAxx_HAL_Driver/Src/stm32wbaxx_hal_rtc_ex.c:2044:19:HAL_RTCEx_DeactivateInternalTamper	16	static
C:/Work/Projects/ST Workspace/LR_BLE_Leak Sensor/BLE_HR_P2PServer/Drivers/STM32WBAxx_HAL_Driver/Src/stm32wbaxx_hal_rtc_ex.c:2071:19:HAL_RTCEx_PollForInternalTamperEvent	32	static
C:/Work/Projects/ST Workspace/LR_BLE_Leak Sensor/BLE_HR_P2PServer/Drivers/STM32WBAxx_HAL_Driver/Src/stm32wbaxx_hal_rtc_ex.c:2112:6:HAL_RTCEx_TamperIRQHandler	24	static
C:/Work/Projects/ST Workspace/LR_BLE_Leak Sensor/BLE_HR_P2PServer/Drivers/STM32WBAxx_HAL_Driver/Src/stm32wbaxx_hal_rtc_ex.c:2316:13:HAL_RTCEx_Tamper1EventCallback	16	static
C:/Work/Projects/ST Workspace/LR_BLE_Leak Sensor/BLE_HR_P2PServer/Drivers/STM32WBAxx_HAL_Driver/Src/stm32wbaxx_hal_rtc_ex.c:2331:13:HAL_RTCEx_Tamper2EventCallback	16	static
C:/Work/Projects/ST Workspace/LR_BLE_Leak Sensor/BLE_HR_P2PServer/Drivers/STM32WBAxx_HAL_Driver/Src/stm32wbaxx_hal_rtc_ex.c:2346:13:HAL_RTCEx_Tamper3EventCallback	16	static
C:/Work/Projects/ST Workspace/LR_BLE_Leak Sensor/BLE_HR_P2PServer/Drivers/STM32WBAxx_HAL_Driver/Src/stm32wbaxx_hal_rtc_ex.c:2361:13:HAL_RTCEx_Tamper4EventCallback	16	static
C:/Work/Projects/ST Workspace/LR_BLE_Leak Sensor/BLE_HR_P2PServer/Drivers/STM32WBAxx_HAL_Driver/Src/stm32wbaxx_hal_rtc_ex.c:2376:13:HAL_RTCEx_Tamper5EventCallback	16	static
C:/Work/Projects/ST Workspace/LR_BLE_Leak Sensor/BLE_HR_P2PServer/Drivers/STM32WBAxx_HAL_Driver/Src/stm32wbaxx_hal_rtc_ex.c:2391:13:HAL_RTCEx_Tamper6EventCallback	16	static
C:/Work/Projects/ST Workspace/LR_BLE_Leak Sensor/BLE_HR_P2PServer/Drivers/STM32WBAxx_HAL_Driver/Src/stm32wbaxx_hal_rtc_ex.c:2406:13:HAL_RTCEx_InternalTamper3EventCallback	16	static
C:/Work/Projects/ST Workspace/LR_BLE_Leak Sensor/BLE_HR_P2PServer/Drivers/STM32WBAxx_HAL_Driver/Src/stm32wbaxx_hal_rtc_ex.c:2421:13:HAL_RTCEx_InternalTamper5EventCallback	16	static
C:/Work/Projects/ST Workspace/LR_BLE_Leak Sensor/BLE_HR_P2PServer/Drivers/STM32WBAxx_HAL_Driver/Src/stm32wbaxx_hal_rtc_ex.c:2436:13:HAL_RTCEx_InternalTamper6EventCallback	16	static
C:/Work/Projects/ST Workspace/LR_BLE_Leak Sensor/BLE_HR_P2PServer/Drivers/STM32WBAxx_HAL_Driver/Src/stm32wbaxx_hal_rtc_ex.c:2451:13:HAL_RTCEx_InternalTamper7EventCallback	16	static
C:/Work/Projects/ST Workspace/LR_BLE_Leak Sensor/BLE_HR_P2PServer/Drivers/STM32WBAxx_HAL_Driver/Src/stm32wbaxx_hal_rtc_ex.c:2466:13:HAL_RTCEx_InternalTamper8EventCallback	16	static
C:/Work/Projects/ST Workspace/LR_BLE_Leak Sensor/BLE_HR_P2PServer/Drivers/STM32WBAxx_HAL_Driver/Src/stm32wbaxx_hal_rtc_ex.c:2481:13:HAL_RTCEx_InternalTamper9EventCallback	16	static
C:/Work/Projects/ST Workspace/LR_BLE_Leak Sensor/BLE_HR_P2PServer/Drivers/STM32WBAxx_HAL_Driver/Src/stm32wbaxx_hal_rtc_ex.c:2496:13:HAL_RTCEx_InternalTamper11EventCallback	16	static
C:/Work/Projects/ST Workspace/LR_BLE_Leak Sensor/BLE_HR_P2PServer/Drivers/STM32WBAxx_HAL_Driver/Src/stm32wbaxx_hal_rtc_ex.c:2511:13:HAL_RTCEx_InternalTamper12EventCallback	16	static
C:/Work/Projects/ST Workspace/LR_BLE_Leak Sensor/BLE_HR_P2PServer/Drivers/STM32WBAxx_HAL_Driver/Src/stm32wbaxx_hal_rtc_ex.c:2526:13:HAL_RTCEx_InternalTamper13EventCallback	16	static
C:/Work/Projects/ST Workspace/LR_BLE_Leak Sensor/BLE_HR_P2PServer/Drivers/STM32WBAxx_HAL_Driver/Src/stm32wbaxx_hal_rtc_ex.c:2568:6:HAL_RTCEx_BKUPWrite	32	static
C:/Work/Projects/ST Workspace/LR_BLE_Leak Sensor/BLE_HR_P2PServer/Drivers/STM32WBAxx_HAL_Driver/Src/stm32wbaxx_hal_rtc_ex.c:2594:10:HAL_RTCEx_BKUPRead	24	static
C:/Work/Projects/ST Workspace/LR_BLE_Leak Sensor/BLE_HR_P2PServer/Drivers/STM32WBAxx_HAL_Driver/Src/stm32wbaxx_hal_rtc_ex.c:2617:7:HAL_RTCEx_BKUPErase	16	static
C:/Work/Projects/ST Workspace/LR_BLE_Leak Sensor/BLE_HR_P2PServer/Drivers/STM32WBAxx_HAL_Driver/Src/stm32wbaxx_hal_rtc_ex.c:2630:7:HAL_RTCEx_BKUPBlock	16	static
C:/Work/Projects/ST Workspace/LR_BLE_Leak Sensor/BLE_HR_P2PServer/Drivers/STM32WBAxx_HAL_Driver/Src/stm32wbaxx_hal_rtc_ex.c:2643:7:HAL_RTCEx_BKUPUnblock	16	static
C:/Work/Projects/ST Workspace/LR_BLE_Leak Sensor/BLE_HR_P2PServer/Drivers/STM32WBAxx_HAL_Driver/Src/stm32wbaxx_hal_rtc_ex.c:2668:7:HAL_RTCEx_ConfigEraseDeviceSecrets	16	static
C:/Work/Projects/ST Workspace/LR_BLE_Leak Sensor/BLE_HR_P2PServer/Drivers/STM32WBAxx_HAL_Driver/Src/stm32wbaxx_hal_rtc_ex.c:2707:19:HAL_RTCEx_SecureModeGet	24	static
C:/Work/Projects/ST Workspace/LR_BLE_Leak Sensor/BLE_HR_P2PServer/Drivers/STM32WBAxx_HAL_Driver/Src/stm32wbaxx_hal_rtc_ex.c:2801:19:HAL_RTCEx_PrivilegeModeSet	16	static
C:/Work/Projects/ST Workspace/LR_BLE_Leak Sensor/BLE_HR_P2PServer/Drivers/STM32WBAxx_HAL_Driver/Src/stm32wbaxx_hal_rtc_ex.c:2845:19:HAL_RTCEx_PrivilegeModeGet	32	static
