C:/Work/Projects/ST Workspace/LR_BLE_Leak Sensor/BLE_HR_P2PServer/Drivers/STM32WBAxx_HAL_Driver/Src/stm32wbaxx_hal_flash.c:175:19:HAL_FLASH_Program	32	static
C:/Work/Projects/ST Workspace/LR_BLE_Leak Sensor/BLE_HR_P2PServer/Drivers/STM32WBAxx_HAL_Driver/Src/stm32wbaxx_hal_flash.c:248:19:HAL_FLASH_Program_IT	32	static
C:/Work/Projects/ST Workspace/LR_BLE_Leak Sensor/BLE_HR_P2PServer/Drivers/STM32WBAxx_HAL_Driver/Src/stm32wbaxx_hal_flash.c:315:6:HAL_FLASH_IRQHandler	32	static
C:/Work/Projects/ST Workspace/LR_BLE_Leak Sensor/BLE_HR_P2PServer/Drivers/STM32WBAxx_HAL_Driver/Src/stm32wbaxx_hal_flash.c:470:13:HAL_FLASH_EndOfOperationCallback	16	static
C:/Work/Projects/ST Workspace/LR_BLE_Leak Sensor/BLE_HR_P2PServer/Drivers/STM32WBAxx_HAL_Driver/Src/stm32wbaxx_hal_flash.c:488:13:HAL_FLASH_OperationErrorCallback	16	static
C:/Work/Projects/ST Workspace/LR_BLE_Leak Sensor/BLE_HR_P2PServer/Drivers/STM32WBAxx_HAL_Driver/Src/stm32wbaxx_hal_flash.c:521:19:HAL_FLASH_Unlock	16	static
C:/Work/Projects/ST Workspace/LR_BLE_Leak Sensor/BLE_HR_P2PServer/Drivers/STM32WBAxx_HAL_Driver/Src/stm32wbaxx_hal_flash.c:563:19:HAL_FLASH_Lock	16	static
C:/Work/Projects/ST Workspace/LR_BLE_Leak Sensor/BLE_HR_P2PServer/Drivers/STM32WBAxx_HAL_Driver/Src/stm32wbaxx_hal_flash.c:596:19:HAL_FLASH_OB_Unlock	4	static
C:/Work/Projects/ST Workspace/LR_BLE_Leak Sensor/BLE_HR_P2PServer/Drivers/STM32WBAxx_HAL_Driver/Src/stm32wbaxx_hal_flash.c:618:19:HAL_FLASH_OB_Lock	4	static
C:/Work/Projects/ST Workspace/LR_BLE_Leak Sensor/BLE_HR_P2PServer/Drivers/STM32WBAxx_HAL_Driver/Src/stm32wbaxx_hal_flash.c:636:19:HAL_FLASH_OB_Launch	4	static
C:/Work/Projects/ST Workspace/LR_BLE_Leak Sensor/BLE_HR_P2PServer/Drivers/STM32WBAxx_HAL_Driver/Src/stm32wbaxx_hal_flash.c:677:10:HAL_FLASH_GetError	4	static
C:/Work/Projects/ST Workspace/LR_BLE_Leak Sensor/BLE_HR_P2PServer/Drivers/STM32WBAxx_HAL_Driver/Src/stm32wbaxx_hal_flash.c:701:19:FLASH_WaitForLastOperation	32	static
C:/Work/Projects/ST Workspace/LR_BLE_Leak Sensor/BLE_HR_P2PServer/Drivers/STM32WBAxx_HAL_Driver/Src/stm32wbaxx_hal_flash.c:812:13:FLASH_Program_QuadWord	48	static,ignoring_inline_asm
C:/Work/Projects/ST Workspace/LR_BLE_Leak Sensor/BLE_HR_P2PServer/Drivers/STM32WBAxx_HAL_Driver/Src/stm32wbaxx_hal_flash.c:857:13:FLASH_Program_Burst	48	static,ignoring_inline_asm
