C:/Work/Projects/ST Workspace/LR_BLE_Leak Sensor/BLE_HR_P2PServer/Drivers/STM32WBAxx_HAL_Driver/Src/stm32wbaxx_hal_cryp.c:440:19:HAL_CRYP_Init	24	static
C:/Work/Projects/ST Workspace/LR_BLE_Leak Sensor/BLE_HR_P2PServer/Drivers/STM32WBAxx_HAL_Driver/Src/stm32wbaxx_hal_cryp.c:559:19:HAL_CRYP_DeInit	16	static
C:/Work/Projects/ST Workspace/LR_BLE_Leak Sensor/BLE_HR_P2PServer/Drivers/STM32WBAxx_HAL_Driver/Src/stm32wbaxx_hal_cryp.c:611:19:HAL_CRYP_SetConfig	16	static
C:/Work/Projects/ST Workspace/LR_BLE_Leak Sensor/BLE_HR_P2PServer/Drivers/STM32WBAxx_HAL_Driver/Src/stm32wbaxx_hal_cryp.c:734:19:HAL_CRYP_GetConfig	16	static
C:/Work/Projects/ST Workspace/LR_BLE_Leak Sensor/BLE_HR_P2PServer/Drivers/STM32WBAxx_HAL_Driver/Src/stm32wbaxx_hal_cryp.c:784:13:HAL_CRYP_MspInit	16	static
C:/Work/Projects/ST Workspace/LR_BLE_Leak Sensor/BLE_HR_P2PServer/Drivers/STM32WBAxx_HAL_Driver/Src/stm32wbaxx_hal_cryp.c:800:13:HAL_CRYP_MspDeInit	16	static
C:/Work/Projects/ST Workspace/LR_BLE_Leak Sensor/BLE_HR_P2PServer/Drivers/STM32WBAxx_HAL_Driver/Src/stm32wbaxx_hal_cryp.c:1169:20:HAL_CRYP_SaveContext	16	static
C:/Work/Projects/ST Workspace/LR_BLE_Leak Sensor/BLE_HR_P2PServer/Drivers/STM32WBAxx_HAL_Driver/Src/stm32wbaxx_hal_cryp.c:1229:19:HAL_CRYP_RestoreContext	16	static
C:/Work/Projects/ST Workspace/LR_BLE_Leak Sensor/BLE_HR_P2PServer/Drivers/STM32WBAxx_HAL_Driver/Src/stm32wbaxx_hal_cryp.c:1391:19:HAL_CRYP_Encrypt	32	static
C:/Work/Projects/ST Workspace/LR_BLE_Leak Sensor/BLE_HR_P2PServer/Drivers/STM32WBAxx_HAL_Driver/Src/stm32wbaxx_hal_cryp.c:1515:19:HAL_CRYP_Decrypt	32	static
C:/Work/Projects/ST Workspace/LR_BLE_Leak Sensor/BLE_HR_P2PServer/Drivers/STM32WBAxx_HAL_Driver/Src/stm32wbaxx_hal_cryp.c:1622:19:HAL_CRYP_Encrypt_IT	32	static
C:/Work/Projects/ST Workspace/LR_BLE_Leak Sensor/BLE_HR_P2PServer/Drivers/STM32WBAxx_HAL_Driver/Src/stm32wbaxx_hal_cryp.c:1733:19:HAL_CRYP_Decrypt_IT	32	static
C:/Work/Projects/ST Workspace/LR_BLE_Leak Sensor/BLE_HR_P2PServer/Drivers/STM32WBAxx_HAL_Driver/Src/stm32wbaxx_hal_cryp.c:1842:19:HAL_CRYP_Encrypt_DMA	40	static
C:/Work/Projects/ST Workspace/LR_BLE_Leak Sensor/BLE_HR_P2PServer/Drivers/STM32WBAxx_HAL_Driver/Src/stm32wbaxx_hal_cryp.c:2018:19:HAL_CRYP_Decrypt_DMA	32	static
C:/Work/Projects/ST Workspace/LR_BLE_Leak Sensor/BLE_HR_P2PServer/Drivers/STM32WBAxx_HAL_Driver/Src/stm32wbaxx_hal_cryp.c:2127:6:HAL_CRYP_IRQHandler	32	static
C:/Work/Projects/ST Workspace/LR_BLE_Leak Sensor/BLE_HR_P2PServer/Drivers/STM32WBAxx_HAL_Driver/Src/stm32wbaxx_hal_cryp.c:2194:10:HAL_CRYP_GetError	16	static
C:/Work/Projects/ST Workspace/LR_BLE_Leak Sensor/BLE_HR_P2PServer/Drivers/STM32WBAxx_HAL_Driver/Src/stm32wbaxx_hal_cryp.c:2205:23:HAL_CRYP_GetState	16	static
C:/Work/Projects/ST Workspace/LR_BLE_Leak Sensor/BLE_HR_P2PServer/Drivers/STM32WBAxx_HAL_Driver/Src/stm32wbaxx_hal_cryp.c:2216:13:HAL_CRYP_InCpltCallback	16	static
C:/Work/Projects/ST Workspace/LR_BLE_Leak Sensor/BLE_HR_P2PServer/Drivers/STM32WBAxx_HAL_Driver/Src/stm32wbaxx_hal_cryp.c:2232:13:HAL_CRYP_OutCpltCallback	16	static
C:/Work/Projects/ST Workspace/LR_BLE_Leak Sensor/BLE_HR_P2PServer/Drivers/STM32WBAxx_HAL_Driver/Src/stm32wbaxx_hal_cryp.c:2248:13:HAL_CRYP_ErrorCallback	16	static
C:/Work/Projects/ST Workspace/LR_BLE_Leak Sensor/BLE_HR_P2PServer/Drivers/STM32WBAxx_HAL_Driver/Src/stm32wbaxx_hal_cryp.c:2276:26:CRYP_AES_Encrypt	32	static
C:/Work/Projects/ST Workspace/LR_BLE_Leak Sensor/BLE_HR_P2PServer/Drivers/STM32WBAxx_HAL_Driver/Src/stm32wbaxx_hal_cryp.c:2421:26:CRYP_AES_Encrypt_IT	24	static
C:/Work/Projects/ST Workspace/LR_BLE_Leak Sensor/BLE_HR_P2PServer/Drivers/STM32WBAxx_HAL_Driver/Src/stm32wbaxx_hal_cryp.c:2542:26:CRYP_AES_Decrypt	24	static
C:/Work/Projects/ST Workspace/LR_BLE_Leak Sensor/BLE_HR_P2PServer/Drivers/STM32WBAxx_HAL_Driver/Src/stm32wbaxx_hal_cryp.c:2793:26:CRYP_AES_Decrypt_IT	24	static
C:/Work/Projects/ST Workspace/LR_BLE_Leak Sensor/BLE_HR_P2PServer/Drivers/STM32WBAxx_HAL_Driver/Src/stm32wbaxx_hal_cryp.c:3031:26:CRYP_AES_Decrypt_DMA	24	static
C:/Work/Projects/ST Workspace/LR_BLE_Leak Sensor/BLE_HR_P2PServer/Drivers/STM32WBAxx_HAL_Driver/Src/stm32wbaxx_hal_cryp.c:3259:13:CRYP_DMAInCplt	96	static
C:/Work/Projects/ST Workspace/LR_BLE_Leak Sensor/BLE_HR_P2PServer/Drivers/STM32WBAxx_HAL_Driver/Src/stm32wbaxx_hal_cryp.c:3370:13:CRYP_DMAOutCplt	56	static
C:/Work/Projects/ST Workspace/LR_BLE_Leak Sensor/BLE_HR_P2PServer/Drivers/STM32WBAxx_HAL_Driver/Src/stm32wbaxx_hal_cryp.c:3483:13:CRYP_DMAError	24	static
C:/Work/Projects/ST Workspace/LR_BLE_Leak Sensor/BLE_HR_P2PServer/Drivers/STM32WBAxx_HAL_Driver/Src/stm32wbaxx_hal_cryp.c:3515:13:CRYP_SetDMAConfig	32	static
C:/Work/Projects/ST Workspace/LR_BLE_Leak Sensor/BLE_HR_P2PServer/Drivers/STM32WBAxx_HAL_Driver/Src/stm32wbaxx_hal_cryp.c:3628:26:CRYP_SetHeaderDMAConfig	32	static
C:/Work/Projects/ST Workspace/LR_BLE_Leak Sensor/BLE_HR_P2PServer/Drivers/STM32WBAxx_HAL_Driver/Src/stm32wbaxx_hal_cryp.c:3694:13:CRYP_AES_ProcessData	40	static
C:/Work/Projects/ST Workspace/LR_BLE_Leak Sensor/BLE_HR_P2PServer/Drivers/STM32WBAxx_HAL_Driver/Src/stm32wbaxx_hal_cryp.c:3748:13:CRYP_AES_IT	40	static
C:/Work/Projects/ST Workspace/LR_BLE_Leak Sensor/BLE_HR_P2PServer/Drivers/STM32WBAxx_HAL_Driver/Src/stm32wbaxx_hal_cryp.c:3858:26:CRYP_WaitFLAG	32	static
C:/Work/Projects/ST Workspace/LR_BLE_Leak Sensor/BLE_HR_P2PServer/Drivers/STM32WBAxx_HAL_Driver/Src/stm32wbaxx_hal_cryp.c:3882:13:CRYP_SetKey	16	static
C:/Work/Projects/ST Workspace/LR_BLE_Leak Sensor/BLE_HR_P2PServer/Drivers/STM32WBAxx_HAL_Driver/Src/stm32wbaxx_hal_cryp.c:3917:13:CRYP_SetIV	16	static
C:/Work/Projects/ST Workspace/LR_BLE_Leak Sensor/BLE_HR_P2PServer/Drivers/STM32WBAxx_HAL_Driver/Src/stm32wbaxx_hal_cryp.c:3936:26:CRYP_AESGCM_Process	64	static
C:/Work/Projects/ST Workspace/LR_BLE_Leak Sensor/BLE_HR_P2PServer/Drivers/STM32WBAxx_HAL_Driver/Src/stm32wbaxx_hal_cryp.c:4169:26:CRYP_AESGCM_Process_IT	104	static
C:/Work/Projects/ST Workspace/LR_BLE_Leak Sensor/BLE_HR_P2PServer/Drivers/STM32WBAxx_HAL_Driver/Src/stm32wbaxx_hal_cryp.c:4571:26:CRYP_AESGCM_Process_DMA	24	static
C:/Work/Projects/ST Workspace/LR_BLE_Leak Sensor/BLE_HR_P2PServer/Drivers/STM32WBAxx_HAL_Driver/Src/stm32wbaxx_hal_cryp.c:4709:26:CRYP_AESCCM_Process	64	static
C:/Work/Projects/ST Workspace/LR_BLE_Leak Sensor/BLE_HR_P2PServer/Drivers/STM32WBAxx_HAL_Driver/Src/stm32wbaxx_hal_cryp.c:4939:26:CRYP_AESCCM_Process_IT	104	static
C:/Work/Projects/ST Workspace/LR_BLE_Leak Sensor/BLE_HR_P2PServer/Drivers/STM32WBAxx_HAL_Driver/Src/stm32wbaxx_hal_cryp.c:5334:26:CRYP_AESCCM_Process_DMA	24	static
C:/Work/Projects/ST Workspace/LR_BLE_Leak Sensor/BLE_HR_P2PServer/Drivers/STM32WBAxx_HAL_Driver/Src/stm32wbaxx_hal_cryp.c:5474:13:CRYP_GCMCCM_SetPayloadPhase_IT	56	static
C:/Work/Projects/ST Workspace/LR_BLE_Leak Sensor/BLE_HR_P2PServer/Drivers/STM32WBAxx_HAL_Driver/Src/stm32wbaxx_hal_cryp.c:5616:26:CRYP_GCMCCM_SetPayloadPhase_DMA	56	static
C:/Work/Projects/ST Workspace/LR_BLE_Leak Sensor/BLE_HR_P2PServer/Drivers/STM32WBAxx_HAL_Driver/Src/stm32wbaxx_hal_cryp.c:5746:26:CRYP_GCMCCM_SetHeaderPhase	88	static
C:/Work/Projects/ST Workspace/LR_BLE_Leak Sensor/BLE_HR_P2PServer/Drivers/STM32WBAxx_HAL_Driver/Src/stm32wbaxx_hal_cryp.c:5880:26:CRYP_GCMCCM_SetHeaderPhase_DMA	88	static
C:/Work/Projects/ST Workspace/LR_BLE_Leak Sensor/BLE_HR_P2PServer/Drivers/STM32WBAxx_HAL_Driver/Src/stm32wbaxx_hal_cryp.c:5999:13:CRYP_GCMCCM_SetHeaderPhase_IT	96	static
C:/Work/Projects/ST Workspace/LR_BLE_Leak Sensor/BLE_HR_P2PServer/Drivers/STM32WBAxx_HAL_Driver/Src/stm32wbaxx_hal_cryp.c:6196:26:CRYP_WaitOnCCFlag	24	static
C:/Work/Projects/ST Workspace/LR_BLE_Leak Sensor/BLE_HR_P2PServer/Drivers/STM32WBAxx_HAL_Driver/Src/stm32wbaxx_hal_cryp.c:6229:13:CRYP_ClearCCFlagWhenHigh	24	static
