C:/Work/Projects/ST Workspace/LR_BLE_Leak Sensor/BLE_HR_P2PServer/Projects/Common/WPAN/Modules/Flash/flash_manager.c:124:6:FM_Init	8	static
C:/Work/Projects/ST Workspace/LR_BLE_Leak Sensor/BLE_HR_P2PServer/Projects/Common/WPAN/Modules/Flash/flash_manager.c:145:17:FM_Write	32	static
C:/Work/Projects/ST Workspace/LR_BLE_Leak Sensor/BLE_HR_P2PServer/Projects/Common/WPAN/Modules/Flash/flash_manager.c:200:17:FM_Erase	32	static
C:/Work/Projects/ST Workspace/LR_BLE_Leak Sensor/BLE_HR_P2PServer/Projects/Common/WPAN/Modules/Flash/flash_manager.c:247:6:FM_BackgroundProcess	32	static,ignoring_inline_asm
C:/Work/Projects/ST Workspace/LR_BLE_Leak Sensor/BLE_HR_P2PServer/Projects/Common/WPAN/Modules/Flash/flash_manager.c:447:24:FM_CheckFlashManagerState	56	static,ignoring_inline_asm
C:/Work/Projects/ST Workspace/LR_BLE_Leak Sensor/BLE_HR_P2PServer/Projects/Common/WPAN/Modules/Flash/flash_manager.c:516:13:FM_WindowAllowed_Callback	8	static
