C:/Work/Projects/ST Workspace/LR_BLE_Leak Sensor/BLE_HR_P2PServer/STM32_WPAN/App/app_alert.c:18:6:APP_ALERT_Init	16	static
C:/Work/Projects/ST Workspace/LR_BLE_Leak Sensor/BLE_HR_P2PServer/STM32_WPAN/App/app_alert.c:27:6:APP_ALERT_Start_Leak	8	static
C:/Work/Projects/ST Workspace/LR_BLE_Leak Sensor/BLE_HR_P2PServer/STM32_WPAN/App/app_alert.c:39:6:APP_ALERT_Stop	8	static
C:/Work/Projects/ST Workspace/LR_BLE_Leak Sensor/BLE_HR_P2PServer/STM32_WPAN/App/app_alert.c:49:13:Alert_Period_Cb	16	static
C:/Work/Projects/ST Workspace/LR_BLE_Leak Sensor/BLE_HR_P2PServer/STM32_WPAN/App/app_alert.c:54:13:Alert_Tick_Task	8	static
C:/Work/Projects/ST Workspace/LR_BLE_Leak Sensor/BLE_HR_P2PServer/STM32_WPAN/App/app_alert.c:61:13:Alert_On_Cb	16	static
C:/Work/Projects/ST Workspace/LR_BLE_Leak Sensor/BLE_HR_P2PServer/STM32_WPAN/App/app_alert.c:66:13:Alert_Off_Task	8	static
