C:/Work/Projects/ST Workspace/LR_BLE_Leak Sensor/BLE_HR_P2PServer/STM32_WPAN/App/app_alert.c:19:6:APP_ALERT_BlockLPM	8	static
C:/Work/Projects/ST Workspace/LR_BLE_Leak Sensor/BLE_HR_P2PServer/STM32_WPAN/App/app_alert.c:20:6:APP_ALERT_ReleaseLPM	8	static
C:/Work/Projects/ST Workspace/LR_BLE_Leak Sensor/BLE_HR_P2PServer/STM32_WPAN/App/app_alert.c:44:6:APP_ALERT_Init	16	static
C:/Work/Projects/ST Workspace/LR_BLE_Leak Sensor/BLE_HR_P2PServer/STM32_WPAN/App/app_alert.c:63:6:APP_ALERT_Start_Leak	8	static
C:/Work/Projects/ST Workspace/LR_BLE_Leak Sensor/BLE_HR_P2PServer/STM32_WPAN/App/app_alert.c:75:6:APP_ALERT_Stop	8	static
C:/Work/Projects/ST Workspace/LR_BLE_Leak Sensor/BLE_HR_P2PServer/STM32_WPAN/App/app_alert.c:88:13:Alert_Period_Cb	16	static
C:/Work/Projects/ST Workspace/LR_BLE_Leak Sensor/BLE_HR_P2PServer/STM32_WPAN/App/app_alert.c:93:13:Alert_Tick_Task	8	static
C:/Work/Projects/ST Workspace/LR_BLE_Leak Sensor/BLE_HR_P2PServer/STM32_WPAN/App/app_alert.c:103:13:Alert_On_Cb	16	static
C:/Work/Projects/ST Workspace/LR_BLE_Leak Sensor/BLE_HR_P2PServer/STM32_WPAN/App/app_alert.c:108:13:Alert_Off_Task	8	static
C:/Work/Projects/ST Workspace/LR_BLE_Leak Sensor/BLE_HR_P2PServer/STM32_WPAN/App/app_alert.c:118:6:APP_ALERT_Start_LowBatt	8	static
C:/Work/Projects/ST Workspace/LR_BLE_Leak Sensor/BLE_HR_P2PServer/STM32_WPAN/App/app_alert.c:133:6:APP_ALERT_Stop_LowBatt	8	static
C:/Work/Projects/ST Workspace/LR_BLE_Leak Sensor/BLE_HR_P2PServer/STM32_WPAN/App/app_alert.c:150:13:LowBatt_Period_Cb	16	static
C:/Work/Projects/ST Workspace/LR_BLE_Leak Sensor/BLE_HR_P2PServer/STM32_WPAN/App/app_alert.c:156:13:LowBatt_Beep_Cb	16	static
C:/Work/Projects/ST Workspace/LR_BLE_Leak Sensor/BLE_HR_P2PServer/STM32_WPAN/App/app_alert.c:166:13:LowBatt_Beep_Task	8	static
