../../Drivers/CMSIS/Include/core_cm33.h:2481:22:__NVIC_ClearPendingIRQ	16	static
../../Drivers/CMSIS/Include/core_cm33.h:2711:34:__NVIC_SystemReset	4	static,ignoring_inline_asm
C:/Work/Projects/ST Workspace/LR_BLE_Leak Sensor/BLE_HR_P2PServer/STM32_WPAN/App/app_leak_detection.c:159:6:APP_LEAK_Init	64	static
C:/Work/Projects/ST Workspace/LR_BLE_Leak Sensor/BLE_HR_P2PServer/STM32_WPAN/App/app_leak_detection.c:326:6:APP_LEAK_EXTI_Callback	8	static
C:/Work/Projects/ST Workspace/LR_BLE_Leak Sensor/BLE_HR_P2PServer/STM32_WPAN/App/app_leak_detection.c:344:6:APP_LEAK_LR_Callback	8	static
C:/Work/Projects/ST Workspace/LR_BLE_Leak Sensor/BLE_HR_P2PServer/STM32_WPAN/App/app_leak_detection.c:359:13:Leak_Debounce_Cb	16	static
C:/Work/Projects/ST Workspace/LR_BLE_Leak Sensor/BLE_HR_P2PServer/STM32_WPAN/App/app_leak_detection.c:365:13:LR_Debounce_Cb	16	static
C:/Work/Projects/ST Workspace/LR_BLE_Leak Sensor/BLE_HR_P2PServer/STM32_WPAN/App/app_leak_detection.c:383:16:eleak_reconcile_leak_state	24	static
C:/Work/Projects/ST Workspace/LR_BLE_Leak Sensor/BLE_HR_P2PServer/STM32_WPAN/App/app_leak_detection.c:422:13:Leak_Process_Task	8	static
C:/Work/Projects/ST Workspace/LR_BLE_Leak Sensor/BLE_HR_P2PServer/STM32_WPAN/App/app_leak_detection.c:450:13:LR_Switch_Task	8	static
C:/Work/Projects/ST Workspace/LR_BLE_Leak Sensor/BLE_HR_P2PServer/STM32_WPAN/App/app_leak_detection.c:463:13:eleak_set_heartbeat_period	16	static
C:/Work/Projects/ST Workspace/LR_BLE_Leak Sensor/BLE_HR_P2PServer/STM32_WPAN/App/app_leak_detection.c:482:13:Leak_Heartbeat_Cb	16	static
C:/Work/Projects/ST Workspace/LR_BLE_Leak Sensor/BLE_HR_P2PServer/STM32_WPAN/App/app_leak_detection.c:496:13:Leak_Heartbeat_Task	8	static
C:/Work/Projects/ST Workspace/LR_BLE_Leak Sensor/BLE_HR_P2PServer/STM32_WPAN/App/app_leak_detection.c:509:6:APP_LEAK_Update_Battery	24	static
C:/Work/Projects/ST Workspace/LR_BLE_Leak Sensor/BLE_HR_P2PServer/STM32_WPAN/App/app_leak_detection.c:554:13:eleak_attempt_burst	24	static
C:/Work/Projects/ST Workspace/LR_BLE_Leak Sensor/BLE_HR_P2PServer/STM32_WPAN/App/app_leak_detection.c:599:13:eleak_start_burst	16	static
C:/Work/Projects/ST Workspace/LR_BLE_Leak Sensor/BLE_HR_P2PServer/STM32_WPAN/App/app_leak_detection.c:611:13:Burst_Retry_Cb	16	static
C:/Work/Projects/ST Workspace/LR_BLE_Leak Sensor/BLE_HR_P2PServer/STM32_WPAN/App/app_leak_detection.c:625:13:Burst_Retry_Task	8	static
C:/Work/Projects/ST Workspace/LR_BLE_Leak Sensor/BLE_HR_P2PServer/STM32_WPAN/App/app_leak_detection.c:639:6:APP_LEAK_OnAdvTerminated	16	static
