../../Drivers/STM32WBAxx_HAL_Driver/Inc/stm32wbaxx_ll_system.h:945:26:LL_DBGMCU_GetDeviceID	4	static
../../Drivers/STM32WBAxx_HAL_Driver/Inc/stm32wbaxx_ll_system.h:956:26:LL_DBGMCU_GetRevisionID	4	static
../../Drivers/STM32WBAxx_HAL_Driver/Inc/stm32wbaxx_ll_system.h:1253:26:LL_FLASH_GetUDN	4	static
../../Drivers/STM32WBAxx_HAL_Driver/Inc/stm32wbaxx_ll_system.h:1263:26:LL_FLASH_GetDeviceID	4	static
../../Drivers/STM32WBAxx_HAL_Driver/Inc/stm32wbaxx_ll_system.h:1273:26:LL_FLASH_GetSTCompanyID	4	static
../../Drivers/STM32WBAxx_HAL_Driver/Inc/stm32wbaxx_ll_utils.h:209:26:LL_GetUID_Word0	4	static
../../Drivers/STM32WBAxx_HAL_Driver/Inc/stm32wbaxx_ll_utils.h:218:26:LL_GetUID_Word1	4	static
../../Drivers/STM32WBAxx_HAL_Driver/Inc/stm32wbaxx_ll_utils.h:227:26:LL_GetUID_Word2	4	static
../../Drivers/STM32WBAxx_HAL_Driver/Inc/stm32wbaxx_ll_utils.h:273:26:LL_GetPackageType	4	static
C:/Work/Projects/ST Workspace/LR_BLE_Leak Sensor/BLE_HR_P2PServer/STM32_WPAN/App/app_ble.c:250:6:APP_BLE_Init	16	static
C:/Work/Projects/ST Workspace/LR_BLE_Leak Sensor/BLE_HR_P2PServer/STM32_WPAN/App/app_ble.c:338:6:APP_BLE_Deinit	16	static
C:/Work/Projects/ST Workspace/LR_BLE_Leak Sensor/BLE_HR_P2PServer/STM32_WPAN/App/app_ble.c:373:28:SVCCTL_App_Notification	136	static
C:/Work/Projects/ST Workspace/LR_BLE_Leak Sensor/BLE_HR_P2PServer/STM32_WPAN/App/app_ble.c:809:22:APP_BLE_Get_Server_Connection_Status	4	static
C:/Work/Projects/ST Workspace/LR_BLE_Leak Sensor/BLE_HR_P2PServer/STM32_WPAN/App/app_ble.c:814:6:Ble_UserEvtRx	16	static
C:/Work/Projects/ST Workspace/LR_BLE_Leak Sensor/BLE_HR_P2PServer/STM32_WPAN/App/app_ble.c:842:6:APP_BLE_Procedure_Gap_General	32	static
C:/Work/Projects/ST Workspace/LR_BLE_Leak Sensor/BLE_HR_P2PServer/STM32_WPAN/App/app_ble.c:925:6:APP_BLE_Procedure_Gap_Peripheral	96	static
C:/Work/Projects/ST Workspace/LR_BLE_Leak Sensor/BLE_HR_P2PServer/STM32_WPAN/App/app_ble.c:1143:16:BleGetBdAddress	16	static
C:/Work/Projects/ST Workspace/LR_BLE_Leak Sensor/BLE_HR_P2PServer/STM32_WPAN/App/app_ble.c:1152:12:SetGapAppearance	32	static
C:/Work/Projects/ST Workspace/LR_BLE_Leak Sensor/BLE_HR_P2PServer/STM32_WPAN/App/app_ble.c:1166:12:SetGapDeviceName	32	static
C:/Work/Projects/ST Workspace/LR_BLE_Leak Sensor/BLE_HR_P2PServer/STM32_WPAN/App/app_ble.c:1180:6:APP_BLE_HostNvmStore	8	static
C:/Work/Projects/ST Workspace/LR_BLE_Leak Sensor/BLE_HR_P2PServer/STM32_WPAN/App/app_ble.c:1186:6:BleStack_Process_BG	8	static
C:/Work/Projects/ST Workspace/LR_BLE_Leak Sensor/BLE_HR_P2PServer/STM32_WPAN/App/app_ble.c:1203:16:HOST_BLE_Init	16	static
C:/Work/Projects/ST Workspace/LR_BLE_Leak Sensor/BLE_HR_P2PServer/STM32_WPAN/App/app_ble.c:1242:13:Ble_Hci_Gap_Gatt_Init	104	static
C:/Work/Projects/ST Workspace/LR_BLE_Leak Sensor/BLE_HR_P2PServer/STM32_WPAN/App/app_ble.c:1587:23:BleGenerateBdAddress	48	static
C:/Work/Projects/ST Workspace/LR_BLE_Leak Sensor/BLE_HR_P2PServer/STM32_WPAN/App/app_ble.c:1662:23:BleGenerateIRValue	80	static
C:/Work/Projects/ST Workspace/LR_BLE_Leak Sensor/BLE_HR_P2PServer/STM32_WPAN/App/app_ble.c:1723:23:BleGenerateERValue	80	static
C:/Work/Projects/ST Workspace/LR_BLE_Leak Sensor/BLE_HR_P2PServer/STM32_WPAN/App/app_ble.c:1785:13:gap_cmd_resp_release	8	static
C:/Work/Projects/ST Workspace/LR_BLE_Leak Sensor/BLE_HR_P2PServer/STM32_WPAN/App/app_ble.c:1791:13:gap_cmd_resp_wait	8	static
C:/Work/Projects/ST Workspace/LR_BLE_Leak Sensor/BLE_HR_P2PServer/STM32_WPAN/App/app_ble.c:1802:13:BLE_ResumeFlowProcessCallback	16	static
C:/Work/Projects/ST Workspace/LR_BLE_Leak Sensor/BLE_HR_P2PServer/STM32_WPAN/App/app_ble.c:1812:13:BLE_NvmCallback	16	static
C:/Work/Projects/ST Workspace/LR_BLE_Leak Sensor/BLE_HR_P2PServer/STM32_WPAN/App/app_ble.c:1823:13:fill_advData	32	static
C:/Work/Projects/ST Workspace/LR_BLE_Leak Sensor/BLE_HR_P2PServer/STM32_WPAN/App/app_ble.c:1917:12:BLECB_Indication	32	static
C:/Work/Projects/ST Workspace/LR_BLE_Leak Sensor/BLE_HR_P2PServer/STM32_WPAN/App/app_ble.c:1965:6:APP_BSP_Button2Action	16	static
