C:/Work/Projects/ST Workspace/LR_BLE_Leak Sensor/BLE_HR_P2PServer/STM32_WPAN/App/p2p_server_app.c:106:6:P2P_SERVER_Notification	16	static
C:/Work/Projects/ST Workspace/LR_BLE_Leak Sensor/BLE_HR_P2PServer/STM32_WPAN/App/p2p_server_app.c:169:6:P2P_SERVER_APP_EvtRx	16	static
C:/Work/Projects/ST Workspace/LR_BLE_Leak Sensor/BLE_HR_P2PServer/STM32_WPAN/App/p2p_server_app.c:206:6:P2P_SERVER_APP_Init	8	static
C:/Work/Projects/ST Workspace/LR_BLE_Leak Sensor/BLE_HR_P2PServer/STM32_WPAN/App/p2p_server_app.c:233:13:P2P_SERVER_Switch_c_SendNotification	24	static
C:/Work/Projects/ST Workspace/LR_BLE_Leak Sensor/BLE_HR_P2PServer/STM32_WPAN/App/p2p_server_app.c:280:13:P2P_SERVER_APP_LED_BUTTON_context_Init	8	static
