C:/Work/Projects/ST Workspace/LR_BLE_Leak Sensor/BLE_HR_P2PServer/Utilities/tim_serv/stm32_timer.c:97:21:UTIL_TIMER_Init	8	static
C:/Work/Projects/ST Workspace/LR_BLE_Leak Sensor/BLE_HR_P2PServer/Utilities/tim_serv/stm32_timer.c:104:21:UTIL_TIMER_DeInit	8	static
C:/Work/Projects/ST Workspace/LR_BLE_Leak Sensor/BLE_HR_P2PServer/Utilities/tim_serv/stm32_timer.c:109:21:UTIL_TIMER_Create	24	static
C:/Work/Projects/ST Workspace/LR_BLE_Leak Sensor/BLE_HR_P2PServer/Utilities/tim_serv/stm32_timer.c:130:21:UTIL_TIMER_Start	48	static,ignoring_inline_asm
C:/Work/Projects/ST Workspace/LR_BLE_Leak Sensor/BLE_HR_P2PServer/Utilities/tim_serv/stm32_timer.c:180:21:UTIL_TIMER_StartWithPeriod	24	static
C:/Work/Projects/ST Workspace/LR_BLE_Leak Sensor/BLE_HR_P2PServer/Utilities/tim_serv/stm32_timer.c:200:21:UTIL_TIMER_Stop	40	static,ignoring_inline_asm
C:/Work/Projects/ST Workspace/LR_BLE_Leak Sensor/BLE_HR_P2PServer/Utilities/tim_serv/stm32_timer.c:266:21:UTIL_TIMER_SetPeriod	24	static
C:/Work/Projects/ST Workspace/LR_BLE_Leak Sensor/BLE_HR_P2PServer/Utilities/tim_serv/stm32_timer.c:286:21:UTIL_TIMER_SetReloadMode	24	static
C:/Work/Projects/ST Workspace/LR_BLE_Leak Sensor/BLE_HR_P2PServer/Utilities/tim_serv/stm32_timer.c:301:21:UTIL_TIMER_GetRemainingTime	24	static
C:/Work/Projects/ST Workspace/LR_BLE_Leak Sensor/BLE_HR_P2PServer/Utilities/tim_serv/stm32_timer.c:323:10:UTIL_TIMER_IsRunning	16	static
C:/Work/Projects/ST Workspace/LR_BLE_Leak Sensor/BLE_HR_P2PServer/Utilities/tim_serv/stm32_timer.c:335:10:UTIL_TIMER_GetFirstRemainingTime	16	static
C:/Work/Projects/ST Workspace/LR_BLE_Leak Sensor/BLE_HR_P2PServer/Utilities/tim_serv/stm32_timer.c:346:6:UTIL_TIMER_IRQ_Handler	56	static,ignoring_inline_asm
C:/Work/Projects/ST Workspace/LR_BLE_Leak Sensor/BLE_HR_P2PServer/Utilities/tim_serv/stm32_timer.c:423:19:UTIL_TIMER_GetCurrentTime	16	static
C:/Work/Projects/ST Workspace/LR_BLE_Leak Sensor/BLE_HR_P2PServer/Utilities/tim_serv/stm32_timer.c:429:19:UTIL_TIMER_GetElapsedTime	24	static
C:/Work/Projects/ST Workspace/LR_BLE_Leak Sensor/BLE_HR_P2PServer/Utilities/tim_serv/stm32_timer.c:437:22:UTIL_TIMER_GetTimerList	4	static
C:/Work/Projects/ST Workspace/LR_BLE_Leak Sensor/BLE_HR_P2PServer/Utilities/tim_serv/stm32_timer.c:459:6:TimerExists	24	static
C:/Work/Projects/ST Workspace/LR_BLE_Leak Sensor/BLE_HR_P2PServer/Utilities/tim_serv/stm32_timer.c:479:6:TimerSetTimeout	32	static
C:/Work/Projects/ST Workspace/LR_BLE_Leak Sensor/BLE_HR_P2PServer/Utilities/tim_serv/stm32_timer.c:500:6:TimerInsertTimer	24	static
C:/Work/Projects/ST Workspace/LR_BLE_Leak Sensor/BLE_HR_P2PServer/Utilities/tim_serv/stm32_timer.c:532:6:TimerInsertNewHeadTimer	24	static
