../../Drivers/STM32WBAxx_HAL_Driver/Inc/stm32wbaxx_ll_rcc.h:1014:22:LL_RCC_HSI_Enable	4	static
../../Drivers/STM32WBAxx_HAL_Driver/Inc/stm32wbaxx_ll_rcc.h:1034:26:LL_RCC_HSI_IsReady	4	static
../../Drivers/STM32WBAxx_HAL_Driver/Inc/stm32wbaxx_ll_rcc.h:2038:22:LL_RCC_SetRNGClockSource	16	static
../../Drivers/STM32WBAxx_HAL_Driver/Inc/stm32wbaxx_ll_bus.h:604:22:LL_AHB2_GRP1_EnableClock	24	static
../../Drivers/STM32WBAxx_HAL_Driver/Inc/stm32wbaxx_ll_bus.h:730:22:LL_AHB2_GRP1_DisableClock	16	static
../../Drivers/STM32WBAxx_HAL_Driver/Inc/stm32wbaxx_ll_rng.h:198:22:LL_RNG_Enable	16	static
../../Drivers/STM32WBAxx_HAL_Driver/Inc/stm32wbaxx_ll_rng.h:209:22:LL_RNG_Disable	16	static
../../Drivers/STM32WBAxx_HAL_Driver/Inc/stm32wbaxx_ll_rng.h:220:26:LL_RNG_IsEnabled	16	static
../../Drivers/STM32WBAxx_HAL_Driver/Inc/stm32wbaxx_ll_rng.h:243:22:LL_RNG_DisableClkErrorDetect	16	static
../../Drivers/STM32WBAxx_HAL_Driver/Inc/stm32wbaxx_ll_rng.h:277:22:LL_RNG_DisableCondReset	16	static
../../Drivers/STM32WBAxx_HAL_Driver/Inc/stm32wbaxx_ll_rng.h:288:26:LL_RNG_IsEnabledCondReset	16	static
../../Drivers/STM32WBAxx_HAL_Driver/Inc/stm32wbaxx_ll_rng.h:491:26:LL_RNG_IsActiveFlag_DRDY	16	static
../../Drivers/STM32WBAxx_HAL_Driver/Inc/stm32wbaxx_ll_rng.h:502:26:LL_RNG_IsActiveFlag_CECS	16	static
../../Drivers/STM32WBAxx_HAL_Driver/Inc/stm32wbaxx_ll_rng.h:535:26:LL_RNG_IsActiveFlag_SEIS	16	static
../../Drivers/STM32WBAxx_HAL_Driver/Inc/stm32wbaxx_ll_rng.h:546:22:LL_RNG_ClearFlag_CEIS	16	static
../../Drivers/STM32WBAxx_HAL_Driver/Inc/stm32wbaxx_ll_rng.h:557:22:LL_RNG_ClearFlag_SEIS	16	static
../../Drivers/STM32WBAxx_HAL_Driver/Inc/stm32wbaxx_ll_rng.h:620:26:LL_RNG_ReadRandData32	16	static
../../Drivers/STM32WBAxx_HAL_Driver/Inc/stm32wbaxx_ll_rng.h:675:22:LL_RNG_SetHealthConfig	16	static
C:/Work/Projects/ST Workspace/LR_BLE_Leak Sensor/BLE_HR_P2PServer/Projects/Common/WPAN/Interfaces/hw_rng.c:30:12:RNG_MutexTake	4	static
C:/Work/Projects/ST Workspace/LR_BLE_Leak Sensor/BLE_HR_P2PServer/Projects/Common/WPAN/Interfaces/hw_rng.c:35:12:RNG_MutexRelease	4	static
C:/Work/Projects/ST Workspace/LR_BLE_Leak Sensor/BLE_HR_P2PServer/Projects/Common/WPAN/Interfaces/hw_rng.c:42:13:RNG_KERNEL_CLK_ON	8	static
C:/Work/Projects/ST Workspace/LR_BLE_Leak Sensor/BLE_HR_P2PServer/Projects/Common/WPAN/Interfaces/hw_rng.c:54:13:RNG_KERNEL_CLK_OFF	4	static
C:/Work/Projects/ST Workspace/LR_BLE_Leak Sensor/BLE_HR_P2PServer/Projects/Common/WPAN/Interfaces/hw_rng.c:84:6:HW_RNG_Disable	8	static
C:/Work/Projects/ST Workspace/LR_BLE_Leak Sensor/BLE_HR_P2PServer/Projects/Common/WPAN/Interfaces/hw_rng.c:98:6:HW_RNG_EnableClock	32	static,ignoring_inline_asm
C:/Work/Projects/ST Workspace/LR_BLE_Leak Sensor/BLE_HR_P2PServer/Projects/Common/WPAN/Interfaces/hw_rng.c:118:6:HW_RNG_DisableClock	48	static,ignoring_inline_asm
C:/Work/Projects/ST Workspace/LR_BLE_Leak Sensor/BLE_HR_P2PServer/Projects/Common/WPAN/Interfaces/hw_rng.c:157:13:HW_RNG_WaitingClockSynchronization	16	static
C:/Work/Projects/ST Workspace/LR_BLE_Leak Sensor/BLE_HR_P2PServer/Projects/Common/WPAN/Interfaces/hw_rng.c:179:12:HW_RNG_Run	48	static,ignoring_inline_asm
C:/Work/Projects/ST Workspace/LR_BLE_Leak Sensor/BLE_HR_P2PServer/Projects/Common/WPAN/Interfaces/hw_rng.c:234:6:HW_RNG_Start	16	static
C:/Work/Projects/ST Workspace/LR_BLE_Leak Sensor/BLE_HR_P2PServer/Projects/Common/WPAN/Interfaces/hw_rng.c:264:6:HW_RNG_Get	40	static,ignoring_inline_asm
C:/Work/Projects/ST Workspace/LR_BLE_Leak Sensor/BLE_HR_P2PServer/Projects/Common/WPAN/Interfaces/hw_rng.c:294:5:HW_RNG_Process	32	static,ignoring_inline_asm
C:/Work/Projects/ST Workspace/LR_BLE_Leak Sensor/BLE_HR_P2PServer/Projects/Common/WPAN/Interfaces/hw_rng.c:345:6:HW_RNG_Init	16	static
C:/Work/Projects/ST Workspace/LR_BLE_Leak Sensor/BLE_HR_P2PServer/Projects/Common/WPAN/Interfaces/hw_rng.c:382:6:HW_RNG_SetPoolThreshold	16	static
