C:/Work/Projects/ST Workspace/LR_BLE_Leak Sensor/BLE_HR_P2PServer/Drivers/BSP/B-WBA5M-WPAN/b_wba5m_wpan.c:134:9:BSP_GetVersion	4	static
C:/Work/Projects/ST Workspace/LR_BLE_Leak Sensor/BLE_HR_P2PServer/Drivers/BSP/B-WBA5M-WPAN/b_wba5m_wpan.c:143:16:BSP_GetBoardName	4	static
C:/Work/Projects/ST Workspace/LR_BLE_Leak Sensor/BLE_HR_P2PServer/Drivers/BSP/B-WBA5M-WPAN/b_wba5m_wpan.c:152:16:BSP_GetBoardID	4	static
C:/Work/Projects/ST Workspace/LR_BLE_Leak Sensor/BLE_HR_P2PServer/Drivers/BSP/B-WBA5M-WPAN/b_wba5m_wpan.c:168:9:BSP_LED_Init	40	static
C:/Work/Projects/ST Workspace/LR_BLE_Leak Sensor/BLE_HR_P2PServer/Drivers/BSP/B-WBA5M-WPAN/b_wba5m_wpan.c:195:9:BSP_LED_DeInit	40	static
C:/Work/Projects/ST Workspace/LR_BLE_Leak Sensor/BLE_HR_P2PServer/Drivers/BSP/B-WBA5M-WPAN/b_wba5m_wpan.c:215:9:BSP_LED_On	16	static
C:/Work/Projects/ST Workspace/LR_BLE_Leak Sensor/BLE_HR_P2PServer/Drivers/BSP/B-WBA5M-WPAN/b_wba5m_wpan.c:229:9:BSP_LED_Off	16	static
C:/Work/Projects/ST Workspace/LR_BLE_Leak Sensor/BLE_HR_P2PServer/Drivers/BSP/B-WBA5M-WPAN/b_wba5m_wpan.c:243:9:BSP_LED_Toggle	16	static
C:/Work/Projects/ST Workspace/LR_BLE_Leak Sensor/BLE_HR_P2PServer/Drivers/BSP/B-WBA5M-WPAN/b_wba5m_wpan.c:256:9:BSP_LED_GetState	24	static
C:/Work/Projects/ST Workspace/LR_BLE_Leak Sensor/BLE_HR_P2PServer/Drivers/BSP/B-WBA5M-WPAN/b_wba5m_wpan.c:285:9:BSP_PB_Init	56	static
C:/Work/Projects/ST Workspace/LR_BLE_Leak Sensor/BLE_HR_P2PServer/Drivers/BSP/B-WBA5M-WPAN/b_wba5m_wpan.c:343:9:BSP_PB_DeInit	40	static
C:/Work/Projects/ST Workspace/LR_BLE_Leak Sensor/BLE_HR_P2PServer/Drivers/BSP/B-WBA5M-WPAN/b_wba5m_wpan.c:361:9:BSP_PB_GetState	24	static
C:/Work/Projects/ST Workspace/LR_BLE_Leak Sensor/BLE_HR_P2PServer/Drivers/BSP/B-WBA5M-WPAN/b_wba5m_wpan.c:377:13:BSP_PB_Callback	16	static
C:/Work/Projects/ST Workspace/LR_BLE_Leak Sensor/BLE_HR_P2PServer/Drivers/BSP/B-WBA5M-WPAN/b_wba5m_wpan.c:393:6:BSP_PB_IRQHandler	16	static
C:/Work/Projects/ST Workspace/LR_BLE_Leak Sensor/BLE_HR_P2PServer/Drivers/BSP/B-WBA5M-WPAN/b_wba5m_wpan.c:623:13:B2_EXTI_Callback	8	static
