../../Drivers/STM32WBAxx_HAL_Driver/Inc/stm32wbaxx_ll_rcc.h:3149:22:LL_RCC_ClearResetFlags	4	static
C:/Work/Projects/ST Workspace/LR_BLE_Leak Sensor/BLE_HR_P2PServer/Core/Src/app_entry.c:169:6:MX_APPE_Config	8	static
C:/Work/Projects/ST Workspace/LR_BLE_Leak Sensor/BLE_HR_P2PServer/Core/Src/app_entry.c:178:10:MX_APPE_Init	16	static
C:/Work/Projects/ST Workspace/LR_BLE_Leak Sensor/BLE_HR_P2PServer/Core/Src/app_entry.c:237:6:MX_APPE_Process	8	static
C:/Work/Projects/ST Workspace/LR_BLE_Leak Sensor/BLE_HR_P2PServer/Core/Src/app_entry.c:262:13:Config_HSE	16	static
C:/Work/Projects/ST Workspace/LR_BLE_Leak Sensor/BLE_HR_P2PServer/Core/Src/app_entry.c:281:13:System_Init	8	static
C:/Work/Projects/ST Workspace/LR_BLE_Leak Sensor/BLE_HR_P2PServer/Core/Src/app_entry.c:336:13:SystemPower_Config	8	static
C:/Work/Projects/ST Workspace/LR_BLE_Leak Sensor/BLE_HR_P2PServer/Core/Src/app_entry.c:395:13:APPE_RNG_Init	8	static
C:/Work/Projects/ST Workspace/LR_BLE_Leak Sensor/BLE_HR_P2PServer/Core/Src/app_entry.c:408:13:APPE_FLASH_MANAGER_Init	8	static
C:/Work/Projects/ST Workspace/LR_BLE_Leak Sensor/BLE_HR_P2PServer/Core/Src/app_entry.c:429:13:APPE_PKACTRL_Init	8	static
C:/Work/Projects/ST Workspace/LR_BLE_Leak Sensor/BLE_HR_P2PServer/Core/Src/app_entry.c:435:13:APPE_AMM_Init	8	static
C:/Work/Projects/ST Workspace/LR_BLE_Leak Sensor/BLE_HR_P2PServer/Core/Src/app_entry.c:457:6:UTIL_SEQ_Idle	4	static
C:/Work/Projects/ST Workspace/LR_BLE_Leak Sensor/BLE_HR_P2PServer/Core/Src/app_entry.c:472:6:UTIL_SEQ_PreIdle	4	static
C:/Work/Projects/ST Workspace/LR_BLE_Leak Sensor/BLE_HR_P2PServer/Core/Src/app_entry.c:509:6:UTIL_SEQ_PostIdle	4	static
C:/Work/Projects/ST Workspace/LR_BLE_Leak Sensor/BLE_HR_P2PServer/Core/Src/app_entry.c:525:6:PKACTRL_CB_Process	8	static
C:/Work/Projects/ST Workspace/LR_BLE_Leak Sensor/BLE_HR_P2PServer/Core/Src/app_entry.c:533:6:HWCB_RNG_Process	8	static
C:/Work/Projects/ST Workspace/LR_BLE_Leak Sensor/BLE_HR_P2PServer/Core/Src/app_entry.c:538:6:AMM_RegisterBasicMemoryManager	16	static
C:/Work/Projects/ST Workspace/LR_BLE_Leak Sensor/BLE_HR_P2PServer/Core/Src/app_entry.c:546:6:AMM_ProcessRequest	8	static
C:/Work/Projects/ST Workspace/LR_BLE_Leak Sensor/BLE_HR_P2PServer/Core/Src/app_entry.c:552:13:AMM_WrapperInit	16	static
C:/Work/Projects/ST Workspace/LR_BLE_Leak Sensor/BLE_HR_P2PServer/Core/Src/app_entry.c:557:19:AMM_WrapperAllocate	16	static
C:/Work/Projects/ST Workspace/LR_BLE_Leak Sensor/BLE_HR_P2PServer/Core/Src/app_entry.c:562:13:AMM_WrapperFree	16	static
C:/Work/Projects/ST Workspace/LR_BLE_Leak Sensor/BLE_HR_P2PServer/Core/Src/app_entry.c:567:6:FM_ProcessRequest	8	static
C:/Work/Projects/ST Workspace/LR_BLE_Leak Sensor/BLE_HR_P2PServer/Core/Src/app_entry.c:602:6:UTIL_ADV_TRACE_PreSendHook	4	static
C:/Work/Projects/ST Workspace/LR_BLE_Leak Sensor/BLE_HR_P2PServer/Core/Src/app_entry.c:613:6:UTIL_ADV_TRACE_PostSendHook	4	static
C:/Work/Projects/ST Workspace/LR_BLE_Leak Sensor/BLE_HR_P2PServer/Core/Src/app_entry.c:631:6:Serial_CMD_Interpreter_CmdExecute	16	static
