../../Drivers/STM32WBAxx_HAL_Driver/Inc/stm32wbaxx_ll_pwr.h:852:22:LL_PWR_SetICacheRAMStopRetention	16	static
../../Drivers/STM32WBAxx_HAL_Driver/Inc/stm32wbaxx_ll_icache.h:219:22:LL_ICACHE_Enable	4	static
../../Drivers/STM32WBAxx_HAL_Driver/Inc/stm32wbaxx_ll_icache.h:252:22:LL_ICACHE_SetMode	16	static
C:/Work/Projects/ST Workspace/LR_BLE_Leak Sensor/BLE_HR_P2PServer/Core/Src/main.c:76:5:main	8	static
C:/Work/Projects/ST Workspace/LR_BLE_Leak Sensor/BLE_HR_P2PServer/Core/Src/main.c:138:6:SystemClock_Config	104	static
C:/Work/Projects/ST Workspace/LR_BLE_Leak Sensor/BLE_HR_P2PServer/Core/Src/main.c:206:6:PeriphCommonClock_Config	80	static
C:/Work/Projects/ST Workspace/LR_BLE_Leak Sensor/BLE_HR_P2PServer/Core/Src/main.c:225:13:SystemPower_Config	8	static
C:/Work/Projects/ST Workspace/LR_BLE_Leak Sensor/BLE_HR_P2PServer/Core/Src/main.c:240:6:MX_ADC4_Init	24	static
C:/Work/Projects/ST Workspace/LR_BLE_Leak Sensor/BLE_HR_P2PServer/Core/Src/main.c:299:6:MX_CRC_Init	8	static
C:/Work/Projects/ST Workspace/LR_BLE_Leak Sensor/BLE_HR_P2PServer/Core/Src/main.c:332:6:MX_GPDMA1_Init	16	static
C:/Work/Projects/ST Workspace/LR_BLE_Leak Sensor/BLE_HR_P2PServer/Core/Src/main.c:362:6:MX_ICACHE_Init	8	static
C:/Work/Projects/ST Workspace/LR_BLE_Leak Sensor/BLE_HR_P2PServer/Core/Src/main.c:390:6:MX_RAMCFG_Init	8	static
C:/Work/Projects/ST Workspace/LR_BLE_Leak Sensor/BLE_HR_P2PServer/Core/Src/main.c:423:6:MX_RTC_Init	88	static
C:/Work/Projects/ST Workspace/LR_BLE_Leak Sensor/BLE_HR_P2PServer/Core/Src/main.c:493:6:MX_USART1_UART_Init	8	static
C:/Work/Projects/ST Workspace/LR_BLE_Leak Sensor/BLE_HR_P2PServer/Core/Src/main.c:541:6:MX_GPIO_Init	16	static
C:/Work/Projects/ST Workspace/LR_BLE_Leak Sensor/BLE_HR_P2PServer/Core/Src/main.c:564:6:Error_Handler	4	static,ignoring_inline_asm
