../../Drivers/CMSIS/Include/core_cm33.h:2378:26:__NVIC_GetPriorityGrouping	1
../../Drivers/CMSIS/Include/core_cm33.h:2390:22:__NVIC_EnableIRQ	2
../../Drivers/CMSIS/Include/core_cm33.h:2587:22:__NVIC_SetPriority	2
../../Drivers/CMSIS/Include/core_cm33.h:2634:26:NVIC_EncodePriority	2
../../Drivers/STM32WBAxx_HAL_Driver/Inc/stm32wbaxx_ll_bus.h:604:22:LL_AHB2_GRP1_EnableClock	1
../../Drivers/STM32WBAxx_HAL_Driver/Inc/stm32wbaxx_ll_pwr.h:852:22:LL_PWR_SetICacheRAMStopRetention	1
../../Drivers/STM32WBAxx_HAL_Driver/Inc/stm32wbaxx_ll_pka.h:214:22:LL_PKA_Enable	1
../../Drivers/STM32WBAxx_HAL_Driver/Inc/stm32wbaxx_ll_icache.h:219:22:LL_ICACHE_Enable	1
../../Drivers/STM32WBAxx_HAL_Driver/Inc/stm32wbaxx_ll_icache.h:252:22:LL_ICACHE_SetMode	1
C:/Work/Projects/ST Workspace/LR_BLE_Leak Sensor/BLE_HR_P2PServer/Core/Src/main.c:77:5:main	1
C:/Work/Projects/ST Workspace/LR_BLE_Leak Sensor/BLE_HR_P2PServer/Core/Src/main.c:161:6:SystemClock_Config	5
C:/Work/Projects/ST Workspace/LR_BLE_Leak Sensor/BLE_HR_P2PServer/Core/Src/main.c:229:6:PeriphCommonClock_Config	2
C:/Work/Projects/ST Workspace/LR_BLE_Leak Sensor/BLE_HR_P2PServer/Core/Src/main.c:248:13:SystemPower_Config	1
C:/Work/Projects/ST Workspace/LR_BLE_Leak Sensor/BLE_HR_P2PServer/Core/Src/main.c:263:6:MX_ADC4_Init	4
C:/Work/Projects/ST Workspace/LR_BLE_Leak Sensor/BLE_HR_P2PServer/Core/Src/main.c:332:6:MX_CRC_Init	2
C:/Work/Projects/ST Workspace/LR_BLE_Leak Sensor/BLE_HR_P2PServer/Core/Src/main.c:365:6:MX_GPDMA1_Init	1
C:/Work/Projects/ST Workspace/LR_BLE_Leak Sensor/BLE_HR_P2PServer/Core/Src/main.c:395:6:MX_ICACHE_Init	1
C:/Work/Projects/ST Workspace/LR_BLE_Leak Sensor/BLE_HR_P2PServer/Core/Src/main.c:423:13:MX_PKA_Init	1
C:/Work/Projects/ST Workspace/LR_BLE_Leak Sensor/BLE_HR_P2PServer/Core/Src/main.c:452:6:MX_RAMCFG_Init	3
C:/Work/Projects/ST Workspace/LR_BLE_Leak Sensor/BLE_HR_P2PServer/Core/Src/main.c:485:6:MX_RTC_Init	5
C:/Work/Projects/ST Workspace/LR_BLE_Leak Sensor/BLE_HR_P2PServer/Core/Src/main.c:555:6:MX_USART1_UART_Init	5
C:/Work/Projects/ST Workspace/LR_BLE_Leak Sensor/BLE_HR_P2PServer/Core/Src/main.c:603:6:MX_GPIO_Init	1
C:/Work/Projects/ST Workspace/LR_BLE_Leak Sensor/BLE_HR_P2PServer/Core/Src/main.c:670:6:Error_Handler	1
