C:/Work/Projects/ST Workspace/LR_BLE_Leak Sensor/BLE_HR_P2PServer/Core/Src/stm32wbaxx_hal_msp.c:65:6:HAL_MspInit	16	static
C:/Work/Projects/ST Workspace/LR_BLE_Leak Sensor/BLE_HR_P2PServer/Core/Src/stm32wbaxx_hal_msp.c:95:6:HAL_ADC_MspInit	120	static
C:/Work/Projects/ST Workspace/LR_BLE_Leak Sensor/BLE_HR_P2PServer/Core/Src/stm32wbaxx_hal_msp.c:140:6:HAL_ADC_MspDeInit	16	static
C:/Work/Projects/ST Workspace/LR_BLE_Leak Sensor/BLE_HR_P2PServer/Core/Src/stm32wbaxx_hal_msp.c:168:6:HAL_CRC_MspInit	24	static
C:/Work/Projects/ST Workspace/LR_BLE_Leak Sensor/BLE_HR_P2PServer/Core/Src/stm32wbaxx_hal_msp.c:191:6:HAL_CRC_MspDeInit	16	static
C:/Work/Projects/ST Workspace/LR_BLE_Leak Sensor/BLE_HR_P2PServer/Core/Src/stm32wbaxx_hal_msp.c:213:6:HAL_RAMCFG_MspInit	24	static
C:/Work/Projects/ST Workspace/LR_BLE_Leak Sensor/BLE_HR_P2PServer/Core/Src/stm32wbaxx_hal_msp.c:232:6:HAL_RAMCFG_MspDeInit	16	static
C:/Work/Projects/ST Workspace/LR_BLE_Leak Sensor/BLE_HR_P2PServer/Core/Src/stm32wbaxx_hal_msp.c:251:6:HAL_RTC_MspInit	96	static
C:/Work/Projects/ST Workspace/LR_BLE_Leak Sensor/BLE_HR_P2PServer/Core/Src/stm32wbaxx_hal_msp.c:288:6:HAL_RTC_MspDeInit	16	static
C:/Work/Projects/ST Workspace/LR_BLE_Leak Sensor/BLE_HR_P2PServer/Core/Src/stm32wbaxx_hal_msp.c:313:6:HAL_UART_MspInit	120	static
C:/Work/Projects/ST Workspace/LR_BLE_Leak Sensor/BLE_HR_P2PServer/Core/Src/stm32wbaxx_hal_msp.c:427:6:HAL_UART_MspDeInit	16	static
